LLVM: wasm[0]::function[105]::__wasm_call_ctors: 46 bytes
LLVM: wasm[0]::function[106]::_start: 113 bytes
LLVM: wasm[0]::function[107]::__SIG_IGN: 38 bytes
LLVM: wasm[0]::function[108]::raise: 262 bytes
LLVM: wasm[0]::function[109]::terminate_handler: 114 bytes
LLVM: wasm[0]::function[110]::core_handler: 114 bytes
LLVM: wasm[0]::function[111]::continue_handler: 38 bytes
LLVM: wasm[0]::function[112]::stop_handler: 114 bytes
LLVM: wasm[0]::function[113]::strsignal: 129 bytes
LLVM: wasm[0]::function[114]::getpid: 43 bytes
LLVM: wasm[0]::function[115]::mmap: 397 bytes
LLVM: wasm[0]::function[116]::munmap: 81 bytes
LLVM: wasm[0]::function[117]::closedir: 69 bytes
LLVM: wasm[0]::function[118]::fdclosedir: 128 bytes
LLVM: wasm[0]::function[119]::readdir: 130 bytes
LLVM: wasm[0]::function[120]::readdir_next: 1510 bytes
LLVM: wasm[0]::function[121]::translate_error: 77 bytes
LLVM: wasm[0]::function[122]::fcntl: 616 bytes
LLVM: wasm[0]::function[123]::posix_fadvise: 552 bytes
LLVM: wasm[0]::function[124]::poll: 144 bytes
LLVM: wasm[0]::function[125]::ioctl: 409 bytes
LLVM: wasm[0]::function[126]::pselect: 1076 bytes
LLVM: wasm[0]::function[127]::select: 179 bytes
LLVM: wasm[0]::function[128]::fstat: 285 bytes
LLVM: wasm[0]::function[129]::gettimeofday: 168 bytes
LLVM: wasm[0]::function[130]::__clock_gettime: 303 bytes
LLVM: wasm[0]::function[131]::time: 164 bytes
LLVM: wasm[0]::function[132]::pread: 675 bytes
LLVM: wasm[0]::function[133]::pwrite: 577 bytes
LLVM: wasm[0]::function[134]::read: 484 bytes
LLVM: wasm[0]::function[135]::clock_nanosleep: 160 bytes
LLVM: wasm[0]::function[136]::usleep: 174 bytes
LLVM: wasm[0]::function[137]::write: 484 bytes
LLVM: wasm[0]::function[138]::_Exit: 95 bytes
LLVM: wasm[0]::function[139]::__main_void: 496 bytes
LLVM: wasm[0]::function[140]::close: 73 bytes
LLVM: wasm[0]::function[141]::abort: 38 bytes
LLVM: wasm[0]::function[142]::__wasilibc_nocwd_openat_nomode: 724 bytes
LLVM: wasm[0]::function[143]::__wasilibc_nocwd_readlinkat: 654 bytes
LLVM: wasm[0]::function[144]::__wasilibc_nocwd_mkdirat_nomode: 517 bytes
LLVM: wasm[0]::function[145]::fdopendir: 592 bytes
LLVM: wasm[0]::function[146]::__wasilibc_nocwd_opendirat: 106 bytes
LLVM: wasm[0]::function[147]::__wasilibc_nocwd_fstatat: 1030 bytes
LLVM: wasm[0]::function[148]::__wasilibc_nocwd_utimensat: 710 bytes
LLVM: wasm[0]::function[149]::__wasilibc_nocwd_renameat: 930 bytes
LLVM: wasm[0]::function[150]::__wasilibc_nocwd___wasilibc_unlinkat: 517 bytes
LLVM: wasm[0]::function[151]::openat: 83 bytes
LLVM: wasm[0]::function[152]::fstatat: 83 bytes
LLVM: wasm[0]::function[153]::__wasilibc_find_relpath_alloc: 634 bytes
LLVM: wasm[0]::function[154]::dup2: 54 bytes
LLVM: wasm[0]::function[155]::__wasilibc_ensure_environ: 62 bytes
LLVM: wasm[0]::function[156]::__wasilibc_initialize_environ: 610 bytes
LLVM: wasm[0]::function[157]::__wasilibc_initialize_environ_eagerly: 46 bytes
LLVM: wasm[0]::function[158]::getcwd: 169 bytes
LLVM: wasm[0]::function[159]::open: 168 bytes
LLVM: wasm[0]::function[160]::readlink: 182 bytes
LLVM: wasm[0]::function[161]::stat: 171 bytes
LLVM: wasm[0]::function[162]::lstat: 174 bytes
LLVM: wasm[0]::function[163]::utimes: 259 bytes
LLVM: wasm[0]::function[164]::unlink: 157 bytes
LLVM: wasm[0]::function[165]::mkdir: 157 bytes
LLVM: wasm[0]::function[166]::opendir: 154 bytes
LLVM: wasm[0]::function[167]::rename: 243 bytes
LLVM: wasm[0]::function[168]::chmod: 57 bytes
LLVM: wasm[0]::function[169]::__wasilibc_stat: 182 bytes
LLVM: wasm[0]::function[170]::__wasilibc_poll_add: 149 bytes
LLVM: wasm[0]::function[171]::__wasilibc_poll_ready: 84 bytes
LLVM: wasm[0]::function[172]::ppoll: 568 bytes
LLVM: wasm[0]::function[173]::ppoll_impl: 1852 bytes
LLVM: wasm[0]::function[174]::__wasilibc_find_relpath: 110 bytes
LLVM: wasm[0]::function[175]::__wasilibc_find_abspath: 452 bytes
LLVM: wasm[0]::function[176]::__wasilibc_populate_preopens: 713 bytes
LLVM: wasm[0]::function[177]::accept: 326 bytes
LLVM: wasm[0]::function[178]::accept4: 333 bytes
LLVM: wasm[0]::function[179]::bind: 323 bytes
LLVM: wasm[0]::function[180]::connect: 323 bytes
LLVM: wasm[0]::function[181]::descriptor_table_insert: 322 bytes
LLVM: wasm[0]::function[182]::descriptor_table_insert_entry: 514 bytes
LLVM: wasm[0]::function[183]::descriptor_table_get: 178 bytes
LLVM: wasm[0]::function[184]::descriptor_table_dup: 1040 bytes
LLVM: wasm[0]::function[185]::descriptor_table_remove: 329 bytes
LLVM: wasm[0]::function[186]::__wasilibc_descriptor_deallocate: 174 bytes
LLVM: wasm[0]::function[187]::getsockname: 323 bytes
LLVM: wasm[0]::function[188]::listen: 320 bytes
LLVM: wasm[0]::function[189]::wasi_string_from_c: 423 bytes
LLVM: wasm[0]::function[190]::__wasilibc_pollable_block_on: 453 bytes
LLVM: wasm[0]::function[191]::__wasilibc_write: 544 bytes
LLVM: wasm[0]::function[192]::__wasilibc_read: 511 bytes
LLVM: wasm[0]::function[193]::__wasilibc_add_file: 209 bytes
LLVM: wasm[0]::function[194]::file_free: 209 bytes
LLVM: wasm[0]::function[195]::file_get_read_stream: 291 bytes
LLVM: wasm[0]::function[196]::file_get_write_stream: 322 bytes
LLVM: wasm[0]::function[197]::file_set_blocking: 68 bytes
LLVM: wasm[0]::function[198]::file_fstat: 635 bytes
LLVM: wasm[0]::function[199]::file_get_file: 73 bytes
LLVM: wasm[0]::function[200]::file_seek: 347 bytes
LLVM: wasm[0]::function[201]::file_seek_end: 194 bytes
LLVM: wasm[0]::function[202]::file_fcntl_getfl: 237 bytes
LLVM: wasm[0]::function[203]::file_fcntl_setfl: 62 bytes
LLVM: wasm[0]::function[204]::recv: 358 bytes
LLVM: wasm[0]::function[205]::recvfrom: 364 bytes
LLVM: wasm[0]::function[206]::send: 358 bytes
LLVM: wasm[0]::function[207]::sendto: 364 bytes
LLVM: wasm[0]::function[208]::shutdown: 311 bytes
LLVM: wasm[0]::function[209]::socket: 366 bytes
LLVM: wasm[0]::function[210]::__wasi_sockets_utils__borrow_network: 109 bytes
LLVM: wasm[0]::function[211]::__wasilibc_map_socket_error: 256 bytes
LLVM: wasm[0]::function[212]::__wasilibc_sockaddr_to_wasi: 517 bytes
LLVM: wasm[0]::function[213]::__wasilibc_sockaddr_validate: 199 bytes
LLVM: wasm[0]::function[214]::__wasilibc_wasi_to_sockaddr: 385 bytes
LLVM: wasm[0]::function[215]::__wasilibc_getsockopt_timeout: 199 bytes
LLVM: wasm[0]::function[216]::__wasilibc_setsockopt_timeout: 299 bytes
LLVM: wasm[0]::function[217]::__wasilibc_wasi_family_to_libc: 66 bytes
LLVM: wasm[0]::function[218]::__wasilibc_unspecified_addr: 127 bytes
LLVM: wasm[0]::function[219]::__wasilibc_parse_port: 205 bytes
LLVM: wasm[0]::function[220]::__wasilibc_get_service_entry_by_name: 125 bytes
LLVM: wasm[0]::function[221]::getsockopt: 392 bytes
LLVM: wasm[0]::function[222]::setsockopt: 373 bytes
LLVM: wasm[0]::function[223]::__wasilibc_add_tcp_socket: 221 bytes
LLVM: wasm[0]::function[224]::tcp_free: 195 bytes
LLVM: wasm[0]::function[225]::tcp_get_read_stream: 150 bytes
LLVM: wasm[0]::function[226]::tcp_get_write_stream: 150 bytes
LLVM: wasm[0]::function[227]::tcp_set_blocking: 50 bytes
LLVM: wasm[0]::function[228]::tcp_fstat: 97 bytes
LLVM: wasm[0]::function[229]::tcp_fcntl_getfl: 57 bytes
LLVM: wasm[0]::function[230]::tcp_fcntl_setfl: 54 bytes
LLVM: wasm[0]::function[231]::tcp_accept4: 781 bytes
LLVM: wasm[0]::function[232]::tcp_bind: 136 bytes
LLVM: wasm[0]::function[233]::tcp_do_bind: 402 bytes
LLVM: wasm[0]::function[234]::tcp_connect: 597 bytes
LLVM: wasm[0]::function[235]::tcp_getsockname: 323 bytes
LLVM: wasm[0]::function[236]::tcp_getpeername: 339 bytes
LLVM: wasm[0]::function[237]::tcp_listen: 512 bytes
LLVM: wasm[0]::function[238]::tcp_recvfrom: 295 bytes
LLVM: wasm[0]::function[239]::tcp_sendto: 272 bytes
LLVM: wasm[0]::function[240]::tcp_shutdown: 199 bytes
LLVM: wasm[0]::function[241]::tcp_getsockopt: 1536 bytes
LLVM: wasm[0]::function[242]::tcp_setsockopt: 924 bytes
LLVM: wasm[0]::function[243]::tcp_poll_register: 452 bytes
LLVM: wasm[0]::function[244]::tcp_poll_finish: 287 bytes
LLVM: wasm[0]::function[245]::__wasilibc_add_udp_socket: 221 bytes
LLVM: wasm[0]::function[246]::udp_free: 234 bytes
LLVM: wasm[0]::function[247]::udp_set_blocking: 50 bytes
LLVM: wasm[0]::function[248]::udp_fstat: 97 bytes
LLVM: wasm[0]::function[249]::udp_fcntl_getfl: 57 bytes
LLVM: wasm[0]::function[250]::udp_fcntl_setfl: 54 bytes
LLVM: wasm[0]::function[251]::udp_bind: 136 bytes
LLVM: wasm[0]::function[252]::udp_do_bind: 386 bytes
LLVM: wasm[0]::function[253]::udp_connect: 581 bytes
LLVM: wasm[0]::function[254]::udp_getsockname: 323 bytes
LLVM: wasm[0]::function[255]::udp_getpeername: 342 bytes
LLVM: wasm[0]::function[256]::udp_recvfrom: 815 bytes
LLVM: wasm[0]::function[257]::udp_sendto: 955 bytes
LLVM: wasm[0]::function[258]::udp_getsockopt: 1024 bytes
LLVM: wasm[0]::function[259]::udp_setsockopt: 679 bytes
LLVM: wasm[0]::function[260]::udp_poll_register: 515 bytes
LLVM: wasm[0]::function[261]::getaddrinfo: 2780 bytes
LLVM: wasm[0]::function[262]::ipv6_address: 163 bytes
LLVM: wasm[0]::function[263]::add_addr: 664 bytes
LLVM: wasm[0]::function[264]::map_error: 104 bytes
LLVM: wasm[0]::function[265]::freeaddrinfo: 141 bytes
LLVM: wasm[0]::function[266]::cabi_realloc: 84 bytes
LLVM: wasm[0]::function[267]::wasip2_string_free: 79 bytes
LLVM: wasm[0]::function[268]::wasip2_list_tuple2_string_string_free: 195 bytes
LLVM: wasm[0]::function[269]::wasip2_list_string_free: 156 bytes
LLVM: wasm[0]::function[270]::io_error_error_drop_own: 51 bytes
LLVM: wasm[0]::function[271]::poll_pollable_drop_own: 54 bytes
LLVM: wasm[0]::function[272]::poll_borrow_pollable: 40 bytes
LLVM: wasm[0]::function[273]::wasip2_list_u32_free: 62 bytes
LLVM: wasm[0]::function[274]::streams_input_stream_drop_own: 57 bytes
LLVM: wasm[0]::function[275]::streams_borrow_input_stream: 40 bytes
LLVM: wasm[0]::function[276]::streams_output_stream_drop_own: 57 bytes
LLVM: wasm[0]::function[277]::streams_borrow_output_stream: 40 bytes
LLVM: wasm[0]::function[278]::wasip2_list_u8_free: 62 bytes
LLVM: wasm[0]::function[279]::terminal_input_terminal_input_drop_own: 57 bytes
LLVM: wasm[0]::function[280]::terminal_output_terminal_output_drop_own: 57 bytes
LLVM: wasm[0]::function[281]::filesystem_descriptor_stat_free: 38 bytes
LLVM: wasm[0]::function[282]::filesystem_directory_entry_free: 81 bytes
LLVM: wasm[0]::function[283]::filesystem_descriptor_drop_own: 57 bytes
LLVM: wasm[0]::function[284]::filesystem_borrow_descriptor: 40 bytes
LLVM: wasm[0]::function[285]::filesystem_directory_entry_stream_drop_own: 57 bytes
LLVM: wasm[0]::function[286]::filesystem_borrow_directory_entry_stream: 40 bytes
LLVM: wasm[0]::function[287]::network_borrow_network: 40 bytes
LLVM: wasm[0]::function[288]::udp_udp_socket_drop_own: 57 bytes
LLVM: wasm[0]::function[289]::udp_borrow_udp_socket: 40 bytes
LLVM: wasm[0]::function[290]::udp_incoming_datagram_stream_drop_own: 57 bytes
LLVM: wasm[0]::function[291]::udp_borrow_incoming_datagram_stream: 40 bytes
LLVM: wasm[0]::function[292]::udp_outgoing_datagram_stream_drop_own: 57 bytes
LLVM: wasm[0]::function[293]::udp_borrow_outgoing_datagram_stream: 40 bytes
LLVM: wasm[0]::function[294]::udp_list_incoming_datagram_free: 62 bytes
LLVM: wasm[0]::function[295]::tcp_tcp_socket_drop_own: 57 bytes
LLVM: wasm[0]::function[296]::tcp_borrow_tcp_socket: 40 bytes
LLVM: wasm[0]::function[297]::ip_name_lookup_resolve_address_stream_drop_own: 57 bytes
LLVM: wasm[0]::function[298]::ip_name_lookup_borrow_resolve_address_stream: 40 bytes
LLVM: wasm[0]::function[299]::environment_get_environment: 118 bytes
LLVM: wasm[0]::function[300]::environment_get_arguments: 118 bytes
LLVM: wasm[0]::function[301]::exit_exit: 67 bytes
LLVM: wasm[0]::function[302]::exit_exit_with_code: 57 bytes
LLVM: wasm[0]::function[303]::poll_method_pollable_block: 57 bytes
LLVM: wasm[0]::function[304]::poll_poll: 143 bytes
LLVM: wasm[0]::function[305]::streams_method_input_stream_read: 191 bytes
LLVM: wasm[0]::function[306]::streams_method_input_stream_subscribe: 57 bytes
LLVM: wasm[0]::function[307]::streams_method_output_stream_check_write: 187 bytes
LLVM: wasm[0]::function[308]::streams_method_output_stream_write: 173 bytes
LLVM: wasm[0]::function[309]::streams_method_output_stream_blocking_flush: 148 bytes
LLVM: wasm[0]::function[310]::streams_method_output_stream_subscribe: 57 bytes
LLVM: wasm[0]::function[311]::stdin_get_stdin: 57 bytes
LLVM: wasm[0]::function[312]::stdout_get_stdout: 57 bytes
LLVM: wasm[0]::function[313]::stderr_get_stderr: 57 bytes
LLVM: wasm[0]::function[314]::terminal_stdin_get_terminal_stdin: 131 bytes
LLVM: wasm[0]::function[315]::terminal_stdout_get_terminal_stdout: 131 bytes
LLVM: wasm[0]::function[316]::terminal_stderr_get_terminal_stderr: 131 bytes
LLVM: wasm[0]::function[317]::monotonic_clock_now: 57 bytes
LLVM: wasm[0]::function[318]::monotonic_clock_subscribe_instant: 57 bytes
LLVM: wasm[0]::function[319]::monotonic_clock_subscribe_duration: 57 bytes
LLVM: wasm[0]::function[320]::wall_clock_now: 134 bytes
LLVM: wasm[0]::function[321]::filesystem_method_descriptor_read_via_stream: 173 bytes
LLVM: wasm[0]::function[322]::filesystem_method_descriptor_write_via_stream: 173 bytes
LLVM: wasm[0]::function[323]::filesystem_method_descriptor_append_via_stream: 172 bytes
LLVM: wasm[0]::function[324]::filesystem_method_descriptor_advise: 140 bytes
LLVM: wasm[0]::function[325]::filesystem_method_descriptor_get_flags: 173 bytes
LLVM: wasm[0]::function[326]::filesystem_method_descriptor_read: 243 bytes
LLVM: wasm[0]::function[327]::filesystem_method_descriptor_write: 191 bytes
LLVM: wasm[0]::function[328]::filesystem_method_descriptor_read_directory: 172 bytes
LLVM: wasm[0]::function[329]::filesystem_method_descriptor_create_directory_at: 161 bytes
LLVM: wasm[0]::function[330]::filesystem_method_descriptor_stat: 448 bytes
LLVM: wasm[0]::function[331]::filesystem_method_descriptor_stat_at: 460 bytes
LLVM: wasm[0]::function[332]::filesystem_method_descriptor_set_times_at: 330 bytes
LLVM: wasm[0]::function[333]::filesystem_method_descriptor_open_at: 199 bytes
LLVM: wasm[0]::function[334]::filesystem_method_descriptor_readlink_at: 207 bytes
LLVM: wasm[0]::function[335]::filesystem_method_descriptor_rename_at: 190 bytes
LLVM: wasm[0]::function[336]::filesystem_method_descriptor_unlink_file_at: 161 bytes
LLVM: wasm[0]::function[337]::filesystem_method_descriptor_metadata_hash: 185 bytes
LLVM: wasm[0]::function[338]::filesystem_method_descriptor_metadata_hash_at: 197 bytes
LLVM: wasm[0]::function[339]::filesystem_method_directory_entry_stream_read_directory_entry: 272 bytes
LLVM: wasm[0]::function[340]::filesystem_preopens_get_directories: 118 bytes
LLVM: wasm[0]::function[341]::instance_network_instance_network: 57 bytes
LLVM: wasm[0]::function[342]::udp_method_udp_socket_start_bind: 370 bytes
LLVM: wasm[0]::function[343]::udp_method_udp_socket_finish_bind: 139 bytes
LLVM: wasm[0]::function[344]::udp_method_udp_socket_stream: 439 bytes
LLVM: wasm[0]::function[345]::udp_method_udp_socket_local_address: 702 bytes
LLVM: wasm[0]::function[346]::udp_method_udp_socket_remote_address: 702 bytes
LLVM: wasm[0]::function[347]::udp_method_udp_socket_unicast_hop_limit: 173 bytes
LLVM: wasm[0]::function[348]::udp_method_udp_socket_set_unicast_hop_limit: 140 bytes
LLVM: wasm[0]::function[349]::udp_method_udp_socket_receive_buffer_size: 171 bytes
LLVM: wasm[0]::function[350]::udp_method_udp_socket_set_receive_buffer_size: 140 bytes
LLVM: wasm[0]::function[351]::udp_method_udp_socket_send_buffer_size: 171 bytes
LLVM: wasm[0]::function[352]::udp_method_udp_socket_set_send_buffer_size: 140 bytes
LLVM: wasm[0]::function[353]::udp_method_udp_socket_subscribe: 57 bytes
LLVM: wasm[0]::function[354]::udp_method_incoming_datagram_stream_receive: 186 bytes
LLVM: wasm[0]::function[355]::udp_method_incoming_datagram_stream_subscribe: 57 bytes
LLVM: wasm[0]::function[356]::udp_method_outgoing_datagram_stream_check_send: 171 bytes
LLVM: wasm[0]::function[357]::udp_method_outgoing_datagram_stream_send: 184 bytes
LLVM: wasm[0]::function[358]::udp_method_outgoing_datagram_stream_subscribe: 57 bytes
LLVM: wasm[0]::function[359]::udp_create_socket_create_udp_socket: 172 bytes
LLVM: wasm[0]::function[360]::tcp_method_tcp_socket_start_bind: 370 bytes
LLVM: wasm[0]::function[361]::tcp_method_tcp_socket_finish_bind: 139 bytes
LLVM: wasm[0]::function[362]::tcp_method_tcp_socket_start_connect: 370 bytes
LLVM: wasm[0]::function[363]::tcp_method_tcp_socket_finish_connect: 184 bytes
LLVM: wasm[0]::function[364]::tcp_method_tcp_socket_start_listen: 139 bytes
LLVM: wasm[0]::function[365]::tcp_method_tcp_socket_finish_listen: 139 bytes
LLVM: wasm[0]::function[366]::tcp_method_tcp_socket_accept: 196 bytes
LLVM: wasm[0]::function[367]::tcp_method_tcp_socket_local_address: 702 bytes
LLVM: wasm[0]::function[368]::tcp_method_tcp_socket_remote_address: 702 bytes
LLVM: wasm[0]::function[369]::tcp_method_tcp_socket_is_listening: 66 bytes
LLVM: wasm[0]::function[370]::tcp_method_tcp_socket_set_listen_backlog_size: 140 bytes
LLVM: wasm[0]::function[371]::tcp_method_tcp_socket_keep_alive_enabled: 173 bytes
LLVM: wasm[0]::function[372]::tcp_method_tcp_socket_set_keep_alive_enabled: 140 bytes
LLVM: wasm[0]::function[373]::tcp_method_tcp_socket_keep_alive_idle_time: 171 bytes
LLVM: wasm[0]::function[374]::tcp_method_tcp_socket_set_keep_alive_idle_time: 140 bytes
LLVM: wasm[0]::function[375]::tcp_method_tcp_socket_keep_alive_interval: 171 bytes
LLVM: wasm[0]::function[376]::tcp_method_tcp_socket_set_keep_alive_interval: 140 bytes
LLVM: wasm[0]::function[377]::tcp_method_tcp_socket_keep_alive_count: 172 bytes
LLVM: wasm[0]::function[378]::tcp_method_tcp_socket_set_keep_alive_count: 140 bytes
LLVM: wasm[0]::function[379]::tcp_method_tcp_socket_hop_limit: 173 bytes
LLVM: wasm[0]::function[380]::tcp_method_tcp_socket_set_hop_limit: 140 bytes
LLVM: wasm[0]::function[381]::tcp_method_tcp_socket_receive_buffer_size: 171 bytes
LLVM: wasm[0]::function[382]::tcp_method_tcp_socket_set_receive_buffer_size: 140 bytes
LLVM: wasm[0]::function[383]::tcp_method_tcp_socket_send_buffer_size: 171 bytes
LLVM: wasm[0]::function[384]::tcp_method_tcp_socket_set_send_buffer_size: 140 bytes
LLVM: wasm[0]::function[385]::tcp_method_tcp_socket_subscribe: 57 bytes
LLVM: wasm[0]::function[386]::tcp_method_tcp_socket_shutdown: 140 bytes
LLVM: wasm[0]::function[387]::tcp_create_socket_create_tcp_socket: 172 bytes
LLVM: wasm[0]::function[388]::ip_name_lookup_method_resolve_address_stream_resolve_next_address: 459 bytes
LLVM: wasm[0]::function[389]::ip_name_lookup_method_resolve_address_stream_subscribe: 57 bytes
LLVM: wasm[0]::function[390]::ip_name_lookup_resolve_addresses: 186 bytes
LLVM: wasm[0]::function[391]::__component_type_object_force_link_wasip2_public_use_in_this_compilation_unit: 46 bytes
LLVM: wasm[0]::function[392]::__wasilibc_init_stdio: 382 bytes
LLVM: wasm[0]::function[393]::stdio_free: 157 bytes
LLVM: wasm[0]::function[394]::stdio_get_read_stream: 169 bytes
LLVM: wasm[0]::function[395]::stdio_get_write_stream: 189 bytes
LLVM: wasm[0]::function[396]::stdio_fstat: 79 bytes
LLVM: wasm[0]::function[397]::stdio_fcntl_getfl: 63 bytes
LLVM: wasm[0]::function[398]::stdio_isatty: 243 bytes
LLVM: wasm[0]::function[399]::getenv: 224 bytes
LLVM: wasm[0]::function[400]::strerror: 109 bytes
LLVM: wasm[0]::function[401]::dummy: 38 bytes
LLVM: wasm[0]::function[402]::__wasm_call_dtors: 67 bytes
LLVM: wasm[0]::function[403]::exit: 78 bytes
LLVM: wasm[0]::function[404]::getpagesize: 43 bytes
LLVM: wasm[0]::function[405]::realpath: 2124 bytes
LLVM: wasm[0]::function[406]::uname: 172 bytes
LLVM: wasm[0]::function[407]::htonl: 58 bytes
LLVM: wasm[0]::function[408]::htons: 51 bytes
LLVM: wasm[0]::function[409]::inet_pton: 1955 bytes
LLVM: wasm[0]::function[410]::ntohl: 58 bytes
LLVM: wasm[0]::function[411]::ntohs: 51 bytes
LLVM: wasm[0]::function[412]::sem_init: 103 bytes
LLVM: wasm[0]::function[413]::__wake: 63 bytes
LLVM: wasm[0]::function[414]::__futexwait: 220 bytes
LLVM: wasm[0]::function[415]::sem_post: 161 bytes
LLVM: wasm[0]::function[416]::__pthread_testcancel: 46 bytes
LLVM: wasm[0]::function[417]::__testcancel: 38 bytes
LLVM: wasm[0]::function[418]::sem_trywait: 96 bytes
LLVM: wasm[0]::function[419]::dummy: 38 bytes
LLVM: wasm[0]::function[420]::_pthread_cleanup_push: 60 bytes
LLVM: wasm[0]::function[421]::_pthread_cleanup_pop: 174 bytes
LLVM: wasm[0]::function[422]::__init_tp: 101 bytes
LLVM: wasm[0]::function[423]::__timedwait_cp: 119 bytes
LLVM: wasm[0]::function[424]::sem_timedwait: 424 bytes
LLVM: wasm[0]::function[425]::cleanup: 52 bytes
LLVM: wasm[0]::function[426]::sem_wait: 48 bytes
LLVM: wasm[0]::function[427]::__secs_to_tm: 805 bytes
LLVM: wasm[0]::function[428]::localtime: 51 bytes
LLVM: wasm[0]::function[429]::__secs_to_zone: 116 bytes
LLVM: wasm[0]::function[430]::__tm_to_tzname: 48 bytes
LLVM: wasm[0]::function[431]::__localtime_r: 169 bytes
LLVM: wasm[0]::function[432]::__year_to_secs: 387 bytes
LLVM: wasm[0]::function[433]::__month_to_secs: 69 bytes
LLVM: wasm[0]::function[434]::__tm_to_secs: 286 bytes
LLVM: wasm[0]::function[435]::mktime: 387 bytes
LLVM: wasm[0]::function[436]::__strftime_fmt_1: 2196 bytes
LLVM: wasm[0]::function[437]::week_num: 511 bytes
LLVM: wasm[0]::function[438]::__strftime_l: 1011 bytes
LLVM: wasm[0]::function[439]::strftime: 86 bytes
LLVM: wasm[0]::function[440]::gethostname: 205 bytes
LLVM: wasm[0]::function[441]::sysconf: 125 bytes
LLVM: wasm[0]::function[442]::__crypt_md5: 276 bytes
LLVM: wasm[0]::function[443]::md5crypt: 5182 bytes
LLVM: wasm[0]::function[444]::processblock: 1876 bytes
LLVM: wasm[0]::function[445]::md5_sum: 412 bytes
LLVM: wasm[0]::function[446]::__crypt_blowfish: 1004 bytes
LLVM: wasm[0]::function[447]::BF_crypt: 2376 bytes
LLVM: wasm[0]::function[448]::BF_decode: 314 bytes
LLVM: wasm[0]::function[449]::BF_set_key: 395 bytes
LLVM: wasm[0]::function[450]::BF_encrypt: 330 bytes
LLVM: wasm[0]::function[451]::BF_encode: 218 bytes
LLVM: wasm[0]::function[452]::__des_setkey: 798 bytes
LLVM: wasm[0]::function[453]::__do_des: 1298 bytes
LLVM: wasm[0]::function[454]::__crypt_des: 233 bytes
LLVM: wasm[0]::function[455]::_crypt_extended_r_uut: 2219 bytes
LLVM: wasm[0]::function[456]::__crypt_r: 204 bytes
LLVM: wasm[0]::function[457]::__crypt_sha256: 171 bytes
LLVM: wasm[0]::function[458]::sha256crypt: 9804 bytes
LLVM: wasm[0]::function[459]::processblock: 984 bytes
LLVM: wasm[0]::function[460]::sha256_sum: 626 bytes
LLVM: wasm[0]::function[461]::__crypt_sha512: 171 bytes
LLVM: wasm[0]::function[462]::sha512crypt: 10378 bytes
LLVM: wasm[0]::function[463]::processblock: 1042 bytes
LLVM: wasm[0]::function[464]::sha512_sum: 497 bytes
LLVM: wasm[0]::function[465]::dummy: 40 bytes
LLVM: wasm[0]::function[466]::__lctrans: 46 bytes
LLVM: wasm[0]::function[467]::__lctrans_cur: 81 bytes
LLVM: wasm[0]::function[468]::__nl_langinfo_l: 328 bytes
LLVM: wasm[0]::function[469]::srandom: 404 bytes
LLVM: wasm[0]::function[470]::random: 151 bytes
LLVM: wasm[0]::function[471]::mbtowc: 355 bytes
LLVM: wasm[0]::function[472]::towlower: 48 bytes
LLVM: wasm[0]::function[473]::casemap: 320 bytes
LLVM: wasm[0]::function[474]::towupper: 51 bytes
LLVM: wasm[0]::function[475]::iswalpha: 107 bytes
LLVM: wasm[0]::function[476]::iswalnum: 68 bytes
LLVM: wasm[0]::function[477]::isblank: 55 bytes
LLVM: wasm[0]::function[478]::iswblank: 46 bytes
LLVM: wasm[0]::function[479]::iswcntrl: 90 bytes
LLVM: wasm[0]::function[480]::iswspace: 69 bytes
LLVM: wasm[0]::function[481]::iswprint: 126 bytes
LLVM: wasm[0]::function[482]::iswgraph: 87 bytes
LLVM: wasm[0]::function[483]::iswlower: 64 bytes
LLVM: wasm[0]::function[484]::iswpunct: 97 bytes
LLVM: wasm[0]::function[485]::iswupper: 64 bytes
LLVM: wasm[0]::function[486]::iswxdigit: 64 bytes
LLVM: wasm[0]::function[487]::iswctype: 240 bytes
LLVM: wasm[0]::function[488]::wctype: 560 bytes
LLVM: wasm[0]::function[489]::fnmatch: 514 bytes
LLVM: wasm[0]::function[490]::pat_next: 651 bytes
LLVM: wasm[0]::function[491]::fnmatch_internal: 2111 bytes
LLVM: wasm[0]::function[492]::match_bracket: 816 bytes
LLVM: wasm[0]::function[493]::str_next: 205 bytes
LLVM: wasm[0]::function[494]::glob: 1238 bytes
LLVM: wasm[0]::function[495]::ignore_err: 40 bytes
LLVM: wasm[0]::function[496]::do_glob: 3080 bytes
LLVM: wasm[0]::function[497]::sort: 60 bytes
LLVM: wasm[0]::function[498]::globfree: 169 bytes
LLVM: wasm[0]::function[499]::fprintf: 90 bytes
LLVM: wasm[0]::function[500]::__lockfile: 252 bytes
LLVM: wasm[0]::function[501]::__unlockfile: 82 bytes
LLVM: wasm[0]::function[502]::__stdio_exit: 1199 bytes
LLVM: wasm[0]::function[503]::__towrite: 111 bytes
LLVM: wasm[0]::function[504]::__ofl_lock: 43 bytes
LLVM: wasm[0]::function[505]::snprintf: 90 bytes
LLVM: wasm[0]::function[506]::sprintf: 90 bytes
LLVM: wasm[0]::function[507]::__stdio_close: 56 bytes
LLVM: wasm[0]::function[508]::writev: 115 bytes
LLVM: wasm[0]::function[509]::__stdio_write: 407 bytes
LLVM: wasm[0]::function[510]::__lseek: 327 bytes
LLVM: wasm[0]::function[511]::__stdio_seek: 56 bytes
LLVM: wasm[0]::function[512]::vsnprintf: 249 bytes
LLVM: wasm[0]::function[513]::sn_write: 318 bytes
LLVM: wasm[0]::function[514]::vsprintf: 57 bytes
LLVM: wasm[0]::function[515]::__qsort_r: 1093 bytes
LLVM: wasm[0]::function[516]::sift: 1080 bytes
LLVM: wasm[0]::function[517]::trinkle: 1943 bytes
LLVM: wasm[0]::function[518]::qsort: 64 bytes
LLVM: wasm[0]::function[519]::wrapper_cmp: 155 bytes
LLVM: wasm[0]::function[520]::__toread: 254 bytes
LLVM: wasm[0]::function[521]::__uflow: 248 bytes
LLVM: wasm[0]::function[522]::__shlim: 98 bytes
LLVM: wasm[0]::function[523]::__shgetc: 280 bytes
LLVM: wasm[0]::function[524]::__intscan: 1847 bytes
LLVM: wasm[0]::function[525]::strtoul: 202 bytes
LLVM: wasm[0]::function[526]::strtol: 202 bytes
LLVM: wasm[0]::function[527]::memcmp: 85 bytes
LLVM: wasm[0]::function[528]::strchr: 74 bytes
LLVM: wasm[0]::function[529]::__strchrnul: 375 bytes
LLVM: wasm[0]::function[530]::strcmp: 122 bytes
LLVM: wasm[0]::function[531]::__stpcpy: 339 bytes
LLVM: wasm[0]::function[532]::strcpy: 57 bytes
LLVM: wasm[0]::function[533]::strdup: 161 bytes
LLVM: wasm[0]::function[534]::strlen: 160 bytes
LLVM: wasm[0]::function[535]::strncmp: 122 bytes
LLVM: wasm[0]::function[536]::strndup: 172 bytes
LLVM: wasm[0]::function[537]::memchr: 388 bytes
LLVM: wasm[0]::function[538]::strnlen: 74 bytes
LLVM: wasm[0]::function[539]::strcspn: 275 bytes
LLVM: wasm[0]::function[540]::strpbrk: 72 bytes
LLVM: wasm[0]::function[541]::strstr: 352 bytes
LLVM: wasm[0]::function[542]::fourbyte_strstr: 140 bytes
LLVM: wasm[0]::function[543]::twoway_strstr: 1092 bytes
LLVM: wasm[0]::function[544]::wcschr: 96 bytes
LLVM: wasm[0]::function[545]::wcslen: 66 bytes
LLVM: wasm[0]::function[546]::__wasilibc_futex_wait: 242 bytes
LLVM: wasm[0]::function[547]::__wasilibc_futex_wake: 52 bytes
LLVM: wasm[0]::function[548]::__fwritex: 586 bytes
LLVM: wasm[0]::function[549]::fwrite: 727 bytes
LLVM: wasm[0]::function[550]::wcrtomb: 326 bytes
LLVM: wasm[0]::function[551]::wctomb: 56 bytes
LLVM: wasm[0]::function[552]::frexp: 192 bytes
LLVM: wasm[0]::function[553]::scalbn: 208 bytes
LLVM: wasm[0]::function[554]::fputs: 108 bytes
LLVM: wasm[0]::function[555]::vfprintf: 648 bytes
LLVM: wasm[0]::function[556]::printf_core: 12800 bytes
LLVM: wasm[0]::function[557]::pop_arg: 400 bytes
LLVM: wasm[0]::function[558]::pad: 349 bytes
LLVM: wasm[0]::function[559]::long_double_not_supported: 72 bytes
LLVM: wasm[0]::function[560]::sbrk: 129 bytes
LLVM: wasm[0]::function[561]::malloc: 46 bytes
LLVM: wasm[0]::function[562]::dlmalloc: 6425 bytes
LLVM: wasm[0]::function[563]::prepend_alloc: 1112 bytes
LLVM: wasm[0]::function[564]::free: 46 bytes
LLVM: wasm[0]::function[565]::dlfree: 1671 bytes
LLVM: wasm[0]::function[566]::calloc: 175 bytes
LLVM: wasm[0]::function[567]::realloc: 1174 bytes
LLVM: wasm[0]::function[568]::dispose_chunk: 1617 bytes
LLVM: wasm[0]::function[569]::posix_memalign: 168 bytes
LLVM: wasm[0]::function[570]::internal_memalign: 514 bytes
LLVM: wasm[0]::function[571]::__component_type_object_force_link_wasip2: 38 bytes
LLVM: wasm[0]::function[572]::__muloti4: 515 bytes
LLVM: wasm[0]::function[573]::__multi3: 143 bytes
LLVM: wasm[0]::function[574]::__ashlti3: 106 bytes
LLVM: wasm[0]::function[575]::__udivmodti4: 914 bytes
LLVM: wasm[0]::function[576]::__udivti3: 133 bytes
LLVM: wasm[0]::function[577]::main: 5176 bytes
LLVM: wasm[0]::function[578]::ngx_log_stderr: 457 bytes
LLVM: wasm[0]::function[579]::ngx_time_update: 1819 bytes
LLVM: wasm[0]::function[580]::ngx_create_pool: 415 bytes
LLVM: wasm[0]::function[581]::ngx_log_error_core: 1635 bytes
LLVM: wasm[0]::function[582]::ngx_pnalloc: 565 bytes
LLVM: wasm[0]::function[583]::ngx_os_init: 1383 bytes
LLVM: wasm[0]::function[584]::ngx_crc32_table_init: 483 bytes
LLVM: wasm[0]::function[585]::ngx_add_inherited_sockets: 2689 bytes
LLVM: wasm[0]::function[586]::ngx_init_cycle: 7726 bytes
LLVM: wasm[0]::function[587]::ngx_write_stdout: 78 bytes
LLVM: wasm[0]::function[588]::ngx_signal_process: 926 bytes
LLVM: wasm[0]::function[589]::ngx_os_status: 361 bytes
LLVM: wasm[0]::function[590]::ngx_create_pidfile: 565 bytes
LLVM: wasm[0]::function[591]::ngx_log_redirect_stderr: 195 bytes
LLVM: wasm[0]::function[592]::ngx_master_process_cycle: 4651 bytes
LLVM: wasm[0]::function[593]::ngx_single_process_cycle: 1468 bytes
LLVM: wasm[0]::function[594]::ngx_palloc: 565 bytes
LLVM: wasm[0]::function[595]::ngx_sock_ntop: 621 bytes
LLVM: wasm[0]::function[596]::ngx_set_worker_processes: 230 bytes
LLVM: wasm[0]::function[597]::ngx_set_user: 112 bytes
LLVM: wasm[0]::function[598]::ngx_set_priority: 240 bytes
LLVM: wasm[0]::function[599]::ngx_set_cpu_affinity: 79 bytes
LLVM: wasm[0]::function[600]::ngx_conf_log_error: 598 bytes
LLVM: wasm[0]::function[601]::ngx_set_env: 409 bytes
LLVM: wasm[0]::function[602]::ngx_load_module: 595 bytes
LLVM: wasm[0]::function[603]::ngx_core_module_create_conf: 255 bytes
LLVM: wasm[0]::function[604]::ngx_core_module_init_conf: 1348 bytes
LLVM: wasm[0]::function[605]::ngx_set_environment: 2368 bytes
LLVM: wasm[0]::function[606]::ngx_cleanup_environment: 60 bytes
LLVM: wasm[0]::function[607]::ngx_cleanup_environment_variable: 90 bytes
LLVM: wasm[0]::function[608]::ngx_slprintf: 90 bytes
LLVM: wasm[0]::function[609]::ngx_vslprintf: 3608 bytes
LLVM: wasm[0]::function[610]::ngx_sprintf: 101 bytes
LLVM: wasm[0]::function[611]::ngx_log_open_default: 584 bytes
LLVM: wasm[0]::function[612]::ngx_conf_open_file: 838 bytes
LLVM: wasm[0]::function[613]::ngx_log_get_file_log: 72 bytes
LLVM: wasm[0]::function[614]::ngx_log_set_log: 2255 bytes
LLVM: wasm[0]::function[615]::ngx_parse_size: 396 bytes
LLVM: wasm[0]::function[616]::ngx_log_memory_cleanup: 105 bytes
LLVM: wasm[0]::function[617]::ngx_log_memory_writer: 312 bytes
LLVM: wasm[0]::function[618]::ngx_syslog_process_conf: 2987 bytes
LLVM: wasm[0]::function[619]::ngx_syslog_writer: 379 bytes
LLVM: wasm[0]::function[620]::ngx_error_log.86: 102 bytes
LLVM: wasm[0]::function[621]::ngx_destroy_pool: 681 bytes
LLVM: wasm[0]::function[622]::ngx_palloc_large: 895 bytes
LLVM: wasm[0]::function[623]::ngx_pfree: 210 bytes
LLVM: wasm[0]::function[624]::ngx_pool_run_cleanup_file: 311 bytes
LLVM: wasm[0]::function[625]::ngx_pool_cleanup_file: 236 bytes
LLVM: wasm[0]::function[626]::ngx_pool_delete_file: 329 bytes
LLVM: wasm[0]::function[627]::ngx_array_create: 163 bytes
LLVM: wasm[0]::function[628]::ngx_array_push: 272 bytes
LLVM: wasm[0]::function[629]::ngx_array_push_n: 304 bytes
LLVM: wasm[0]::function[630]::ngx_list_push: 222 bytes
LLVM: wasm[0]::function[631]::ngx_hash_find_wc_head: 770 bytes
LLVM: wasm[0]::function[632]::ngx_hash_find_wc_tail: 447 bytes
LLVM: wasm[0]::function[633]::ngx_hash_find_combined: 414 bytes
LLVM: wasm[0]::function[634]::ngx_hash_init: 3052 bytes
LLVM: wasm[0]::function[635]::ngx_hash_wildcard_init: 1897 bytes
LLVM: wasm[0]::function[636]::ngx_hash_key: 482 bytes
LLVM: wasm[0]::function[637]::ngx_hash_key_lc: 281 bytes
LLVM: wasm[0]::function[638]::ngx_hash_keys_array_init: 589 bytes
LLVM: wasm[0]::function[639]::ngx_hash_add_key: 3717 bytes
LLVM: wasm[0]::function[640]::ngx_create_temp_buf: 226 bytes
LLVM: wasm[0]::function[641]::ngx_chain_get_free_buf: 262 bytes
LLVM: wasm[0]::function[642]::ngx_queue_sort: 743 bytes
LLVM: wasm[0]::function[643]::ngx_output_chain: 5278 bytes
LLVM: wasm[0]::function[644]::ngx_read_file: 454 bytes
LLVM: wasm[0]::function[645]::ngx_chain_writer: 2306 bytes
LLVM: wasm[0]::function[646]::ngx_strlow: 339 bytes
LLVM: wasm[0]::function[647]::ngx_sprintf_str: 665 bytes
LLVM: wasm[0]::function[648]::ngx_snprintf: 92 bytes
LLVM: wasm[0]::function[649]::ngx_strncasecmp: 143 bytes
LLVM: wasm[0]::function[650]::ngx_strlcasestrn: 395 bytes
LLVM: wasm[0]::function[651]::ngx_filename_cmp: 117 bytes
LLVM: wasm[0]::function[652]::ngx_atoi: 118 bytes
LLVM: wasm[0]::function[653]::ngx_atoof: 130 bytes
LLVM: wasm[0]::function[654]::ngx_atotm: 130 bytes
LLVM: wasm[0]::function[655]::ngx_hextoi: 149 bytes
LLVM: wasm[0]::function[656]::ngx_encode_base64: 370 bytes
LLVM: wasm[0]::function[657]::ngx_decode_base64: 465 bytes
LLVM: wasm[0]::function[658]::ngx_escape_uri: 377 bytes
LLVM: wasm[0]::function[659]::ngx_escape_html: 916 bytes
LLVM: wasm[0]::function[660]::ngx_escape_json: 556 bytes
LLVM: wasm[0]::function[661]::ngx_str_rbtree_insert_value: 205 bytes
LLVM: wasm[0]::function[662]::ngx_sort: 813 bytes
LLVM: wasm[0]::function[663]::ngx_parse_offset: 325 bytes
LLVM: wasm[0]::function[664]::ngx_parse_time: 948 bytes
LLVM: wasm[0]::function[665]::ngx_parse_http_time: 1816 bytes
LLVM: wasm[0]::function[666]::ngx_inet6_addr: 723 bytes
LLVM: wasm[0]::function[667]::ngx_inet6_ntop: 835 bytes
LLVM: wasm[0]::function[668]::ngx_ptocidr: 1714 bytes
LLVM: wasm[0]::function[669]::ngx_parse_addr: 515 bytes
LLVM: wasm[0]::function[670]::ngx_parse_addr_port: 539 bytes
LLVM: wasm[0]::function[671]::ngx_parse_url: 3133 bytes
LLVM: wasm[0]::function[672]::ngx_inet_add_addr: 569 bytes
LLVM: wasm[0]::function[673]::ngx_inet_resolve_host: 723 bytes
LLVM: wasm[0]::function[674]::ngx_inet_wildcard: 102 bytes
LLVM: wasm[0]::function[675]::ngx_cmp_sockaddr: 224 bytes
LLVM: wasm[0]::function[676]::ngx_write_chain_to_temp_file: 821 bytes
LLVM: wasm[0]::function[677]::ngx_create_temp_file: 1827 bytes
LLVM: wasm[0]::function[678]::ngx_write_file: 475 bytes
LLVM: wasm[0]::function[679]::ngx_create_path: 676 bytes
LLVM: wasm[0]::function[680]::ngx_conf_set_path_slot: 826 bytes
LLVM: wasm[0]::function[681]::ngx_add_path: 950 bytes
LLVM: wasm[0]::function[682]::ngx_conf_merge_path_value: 579 bytes
LLVM: wasm[0]::function[683]::ngx_conf_set_access_slot: 541 bytes
LLVM: wasm[0]::function[684]::ngx_create_paths: 550 bytes
LLVM: wasm[0]::function[685]::ngx_ext_rename_file: 3224 bytes
LLVM: wasm[0]::function[686]::ngx_walk_tree: 3264 bytes
LLVM: wasm[0]::function[687]::ngx_siphash: 528 bytes
LLVM: wasm[0]::function[688]::ngx_md5_body: 2220 bytes
LLVM: wasm[0]::function[689]::ngx_md5_final: 488 bytes
LLVM: wasm[0]::function[690]::ngx_sha1_body: 4417 bytes
LLVM: wasm[0]::function[691]::ngx_sha1_final: 608 bytes
LLVM: wasm[0]::function[692]::ngx_rbtree_insert: 873 bytes
LLVM: wasm[0]::function[693]::ngx_rbtree_insert_value: 104 bytes
LLVM: wasm[0]::function[694]::ngx_rbtree_insert_timer_value: 107 bytes
LLVM: wasm[0]::function[695]::ngx_rbtree_delete: 1336 bytes
LLVM: wasm[0]::function[696]::ngx_slab_alloc_locked: 4637 bytes
LLVM: wasm[0]::function[697]::ngx_slab_free_locked: 1420 bytes
LLVM: wasm[0]::function[698]::ngx_slab_free_pages: 462 bytes
LLVM: wasm[0]::function[699]::ngx_slab_error: 158 bytes
LLVM: wasm[0]::function[700]::ngx_gmtime: 546 bytes
LLVM: wasm[0]::function[701]::ngx_http_time: 631 bytes
LLVM: wasm[0]::function[702]::ngx_next_time: 306 bytes
LLVM: wasm[0]::function[703]::ngx_shmtx_lock: 635 bytes
LLVM: wasm[0]::function[704]::ngx_shmtx_unlock: 397 bytes
LLVM: wasm[0]::function[705]::ngx_open_listening_sockets: 2164 bytes
LLVM: wasm[0]::function[706]::ngx_configure_listening_sockets: 2619 bytes
LLVM: wasm[0]::function[707]::ngx_close_listening_sockets: 885 bytes
LLVM: wasm[0]::function[708]::ngx_get_connection: 1275 bytes
LLVM: wasm[0]::function[709]::ngx_close_connection: 1539 bytes
LLVM: wasm[0]::function[710]::ngx_reusable_connection: 304 bytes
LLVM: wasm[0]::function[711]::ngx_connection_local_sockaddr: 665 bytes
LLVM: wasm[0]::function[712]::ngx_connection_error: 640 bytes
LLVM: wasm[0]::function[713]::ngx_tcp_nodelay: 271 bytes
LLVM: wasm[0]::function[714]::ngx_cycle_modules: 287 bytes
LLVM: wasm[0]::function[715]::ngx_conf_param: 375 bytes
LLVM: wasm[0]::function[716]::ngx_conf_parse: 6960 bytes
LLVM: wasm[0]::function[717]::ngx_delete_pidfile: 221 bytes
LLVM: wasm[0]::function[718]::ngx_init_modules: 250 bytes
LLVM: wasm[0]::function[719]::ngx_shm_free: 182 bytes
LLVM: wasm[0]::function[720]::ngx_clean_old_cycles: 621 bytes
LLVM: wasm[0]::function[721]::ngx_event_add_timer: 531 bytes
LLVM: wasm[0]::function[722]::ngx_shm_alloc: 239 bytes
LLVM: wasm[0]::function[723]::ngx_init_zone_pool: 1237 bytes
LLVM: wasm[0]::function[724]::ngx_reopen_files: 1258 bytes
LLVM: wasm[0]::function[725]::ngx_shared_memory_add: 748 bytes
LLVM: wasm[0]::function[726]::ngx_rwlock_wlock: 162 bytes
LLVM: wasm[0]::function[727]::ngx_rwlock_rlock: 178 bytes
LLVM: wasm[0]::function[728]::ngx_conf_include: 1057 bytes
LLVM: wasm[0]::function[729]::ngx_conf_full_name: 318 bytes
LLVM: wasm[0]::function[730]::ngx_conf_set_flag_slot: 531 bytes
LLVM: wasm[0]::function[731]::ngx_conf_set_str_slot: 227 bytes
LLVM: wasm[0]::function[732]::ngx_conf_set_str_array_slot: 694 bytes
LLVM: wasm[0]::function[733]::ngx_conf_set_keyval_slot: 696 bytes
LLVM: wasm[0]::function[734]::ngx_conf_set_num_slot: 345 bytes
LLVM: wasm[0]::function[735]::ngx_conf_set_size_slot: 258 bytes
LLVM: wasm[0]::function[736]::ngx_conf_set_off_slot: 260 bytes
LLVM: wasm[0]::function[737]::ngx_conf_set_msec_slot: 283 bytes
LLVM: wasm[0]::function[738]::ngx_conf_set_sec_slot: 285 bytes
LLVM: wasm[0]::function[739]::ngx_conf_set_bufs_slot: 230 bytes
LLVM: wasm[0]::function[740]::ngx_conf_set_enum_slot: 403 bytes
LLVM: wasm[0]::function[741]::ngx_conf_set_bitmask_slot: 568 bytes
LLVM: wasm[0]::function[742]::ngx_conf_flush_files: 335 bytes
LLVM: wasm[0]::function[743]::ngx_count_modules: 460 bytes
LLVM: wasm[0]::function[744]::ngx_resolver_create: 2276 bytes
LLVM: wasm[0]::function[745]::ngx_resolver_cleanup: 574 bytes
LLVM: wasm[0]::function[746]::ngx_resolver_rbtree_insert_value: 273 bytes
LLVM: wasm[0]::function[747]::ngx_resolver_rbtree_insert_addr6_value: 179 bytes
LLVM: wasm[0]::function[748]::ngx_resolver_resend_handler: 342 bytes
LLVM: wasm[0]::function[749]::ngx_resolver_cleanup_tree: 482 bytes
LLVM: wasm[0]::function[750]::ngx_resolver_resend: 506 bytes
LLVM: wasm[0]::function[751]::ngx_event_add_timer.430: 531 bytes
LLVM: wasm[0]::function[752]::ngx_resolver_send_query: 376 bytes
LLVM: wasm[0]::function[753]::ngx_resolver_free_node: 303 bytes
LLVM: wasm[0]::function[754]::ngx_resolver_log_error: 213 bytes
LLVM: wasm[0]::function[755]::ngx_resolver_send_tcp_query: 3092 bytes
LLVM: wasm[0]::function[756]::ngx_resolver_send_udp_query: 1202 bytes
LLVM: wasm[0]::function[757]::ngx_resolver_tcp_write: 825 bytes
LLVM: wasm[0]::function[758]::ngx_resolver_tcp_read: 857 bytes
LLVM: wasm[0]::function[759]::ngx_resolver_udp_read: 565 bytes
LLVM: wasm[0]::function[760]::ngx_resolver_process_response: 1788 bytes
LLVM: wasm[0]::function[761]::ngx_resolver_process_a: 4956 bytes
LLVM: wasm[0]::function[762]::ngx_resolver_process_srv: 3649 bytes
LLVM: wasm[0]::function[763]::ngx_resolver_process_ptr: 4535 bytes
LLVM: wasm[0]::function[764]::ngx_resolver_copy: 948 bytes
LLVM: wasm[0]::function[765]::ngx_alloc: 250 bytes
LLVM: wasm[0]::function[766]::ngx_resolver_export: 1145 bytes
LLVM: wasm[0]::function[767]::ngx_resolve_name_locked: 5842 bytes
LLVM: wasm[0]::function[768]::ngx_resolver_cmp_srvs: 58 bytes
LLVM: wasm[0]::function[769]::ngx_resolver_resolve_srv_names: 1613 bytes
LLVM: wasm[0]::function[770]::ngx_resolver_srv_names_handler: 2548 bytes
LLVM: wasm[0]::function[771]::ngx_resolve_name: 813 bytes
LLVM: wasm[0]::function[772]::ngx_resolver_timeout_handler: 156 bytes
LLVM: wasm[0]::function[773]::ngx_resolve_name_done: 1424 bytes
LLVM: wasm[0]::function[774]::ngx_resolve_start: 619 bytes
LLVM: wasm[0]::function[775]::ngx_open_file_cache_init: 343 bytes
LLVM: wasm[0]::function[776]::ngx_open_file_cache_rbtree_insert_value: 203 bytes
LLVM: wasm[0]::function[777]::ngx_open_file_cache_cleanup: 690 bytes
LLVM: wasm[0]::function[778]::ngx_close_cached_file: 713 bytes
LLVM: wasm[0]::function[779]::ngx_open_file_del_event: 264 bytes
LLVM: wasm[0]::function[780]::ngx_open_cached_file: 3784 bytes
LLVM: wasm[0]::function[781]::ngx_file_info_wrapper: 376 bytes
LLVM: wasm[0]::function[782]::ngx_open_and_stat_file: 1025 bytes
LLVM: wasm[0]::function[783]::ngx_expire_old_cached_files: 464 bytes
LLVM: wasm[0]::function[784]::ngx_open_file_cleanup: 152 bytes
LLVM: wasm[0]::function[785]::ngx_open_file_wrapper: 1180 bytes
LLVM: wasm[0]::function[786]::ngx_openat_file_owner: 367 bytes
LLVM: wasm[0]::function[787]::ngx_proxy_protocol_read_addr: 258 bytes
LLVM: wasm[0]::function[788]::ngx_proxy_protocol_lookup_tlv: 331 bytes
LLVM: wasm[0]::function[789]::ngx_syslog_cleanup: 154 bytes
LLVM: wasm[0]::function[790]::ngx_syslog_send: 902 bytes
LLVM: wasm[0]::function[791]::ngx_syslog_log_error: 213 bytes
LLVM: wasm[0]::function[792]::ngx_process_events_and_timers: 2589 bytes
LLVM: wasm[0]::function[793]::ngx_handle_read_event: 491 bytes
LLVM: wasm[0]::function[794]::ngx_handle_write_event: 619 bytes
LLVM: wasm[0]::function[795]::ngx_events_block: 1066 bytes
LLVM: wasm[0]::function[796]::ngx_event_init_conf: 239 bytes
LLVM: wasm[0]::function[797]::ngx_event_module_init: 731 bytes
LLVM: wasm[0]::function[798]::ngx_event_process_init: 2724 bytes
LLVM: wasm[0]::function[799]::ngx_event_accept: 3411 bytes
LLVM: wasm[0]::function[800]::ngx_event_recvmsg: 5627 bytes
LLVM: wasm[0]::function[801]::ngx_event_connections: 306 bytes
LLVM: wasm[0]::function[802]::ngx_event_use: 536 bytes
LLVM: wasm[0]::function[803]::ngx_event_debug_connection: 1535 bytes
LLVM: wasm[0]::function[804]::ngx_event_core_create_conf: 183 bytes
LLVM: wasm[0]::function[805]::ngx_event_core_init_conf: 175 bytes
LLVM: wasm[0]::function[806]::ngx_event_add_timer.690: 531 bytes
LLVM: wasm[0]::function[807]::ngx_debug_accepted_connection: 614 bytes
LLVM: wasm[0]::function[808]::ngx_accept_log_error: 108 bytes
LLVM: wasm[0]::function[809]::ngx_udp_shared_recv: 210 bytes
LLVM: wasm[0]::function[810]::ngx_close_accepted_udp_connection: 128 bytes
LLVM: wasm[0]::function[811]::ngx_delete_udp_connection: 88 bytes
LLVM: wasm[0]::function[812]::ngx_udp_rbtree_insert_value: 540 bytes
LLVM: wasm[0]::function[813]::ngx_event_pipe: 7612 bytes
LLVM: wasm[0]::function[814]::ngx_event_add_timer.745: 531 bytes
LLVM: wasm[0]::function[815]::ngx_event_pipe_write_chain_to_temp_file: 1759 bytes
LLVM: wasm[0]::function[816]::ngx_event_del_timer: 219 bytes
LLVM: wasm[0]::function[817]::ngx_unix_recv: 485 bytes
LLVM: wasm[0]::function[818]::ngx_readv_chain: 1058 bytes
LLVM: wasm[0]::function[819]::ngx_udp_unix_recv: 439 bytes
LLVM: wasm[0]::function[820]::ngx_unix_send: 530 bytes
LLVM: wasm[0]::function[821]::ngx_writev_chain: 2375 bytes
LLVM: wasm[0]::function[822]::ngx_udp_unix_send: 543 bytes
LLVM: wasm[0]::function[823]::ngx_udp_unix_sendmsg_chain: 1977 bytes
LLVM: wasm[0]::function[824]::ngx_signal_handler: 1780 bytes
LLVM: wasm[0]::function[825]::ngx_debug_point: 106 bytes
LLVM: wasm[0]::function[826]::ngx_setproctitle: 430 bytes
LLVM: wasm[0]::function[827]::ngx_select_init_conf: 224 bytes
LLVM: wasm[0]::function[828]::ngx_select_add_event: 807 bytes
LLVM: wasm[0]::function[829]::ngx_select_del_event: 487 bytes
LLVM: wasm[0]::function[830]::ngx_select_process_events: 1890 bytes
LLVM: wasm[0]::function[831]::ngx_select_repair_fd_sets: 921 bytes
LLVM: wasm[0]::function[832]::ngx_select_init: 644 bytes
LLVM: wasm[0]::function[833]::ngx_select_done: 73 bytes
LLVM: wasm[0]::function[834]::ngx_poll_init_conf: 40 bytes
LLVM: wasm[0]::function[835]::ngx_poll_add_event: 498 bytes
LLVM: wasm[0]::function[836]::ngx_poll_del_event: 712 bytes
LLVM: wasm[0]::function[837]::ngx_poll_process_events: 1654 bytes
LLVM: wasm[0]::function[838]::ngx_poll_init: 618 bytes
LLVM: wasm[0]::function[839]::ngx_poll_done: 73 bytes
LLVM: wasm[0]::function[840]::ngx_http_add_location: 694 bytes
LLVM: wasm[0]::function[841]::ngx_http_add_listen: 2169 bytes
LLVM: wasm[0]::function[842]::ngx_http_add_address: 788 bytes
LLVM: wasm[0]::function[843]::ngx_http_types_slot: 2040 bytes
LLVM: wasm[0]::function[844]::ngx_http_block: 3238 bytes
LLVM: wasm[0]::function[845]::ngx_http_merge_locations: 427 bytes
LLVM: wasm[0]::function[846]::ngx_http_init_locations: 536 bytes
LLVM: wasm[0]::function[847]::ngx_http_init_static_location_trees: 719 bytes
LLVM: wasm[0]::function[848]::ngx_http_init_phases: 671 bytes
LLVM: wasm[0]::function[849]::ngx_http_init_headers_in_hash: 846 bytes
LLVM: wasm[0]::function[850]::ngx_http_variables_init_vars: 1326 bytes
LLVM: wasm[0]::function[851]::ngx_http_init_phase_handlers: 1876 bytes
LLVM: wasm[0]::function[852]::ngx_http_optimize_servers: 3507 bytes
LLVM: wasm[0]::function[853]::ngx_http_create_locations_list: 626 bytes
LLVM: wasm[0]::function[854]::ngx_http_create_locations_tree: 711 bytes
LLVM: wasm[0]::function[855]::ngx_http_core_content_phase: 697 bytes
LLVM: wasm[0]::function[856]::ngx_http_core_post_access_phase: 337 bytes
LLVM: wasm[0]::function[857]::ngx_http_core_access_phase: 592 bytes
LLVM: wasm[0]::function[858]::ngx_http_core_rewrite_phase: 314 bytes
LLVM: wasm[0]::function[859]::ngx_http_core_generic_phase: 330 bytes
LLVM: wasm[0]::function[860]::ngx_http_core_find_config_phase: 1777 bytes
LLVM: wasm[0]::function[861]::ngx_http_core_post_rewrite_phase: 477 bytes
LLVM: wasm[0]::function[862]::ngx_http_cmp_conf_addrs: 104 bytes
LLVM: wasm[0]::function[863]::ngx_http_cmp_dns_wildcards: 168 bytes
LLVM: wasm[0]::function[864]::ngx_http_init_connection: 1776 bytes
LLVM: wasm[0]::function[865]::ngx_http_handler: 556 bytes
LLVM: wasm[0]::function[866]::ngx_http_core_run_phases: 238 bytes
LLVM: wasm[0]::function[867]::ngx_http_core_server: 1623 bytes
LLVM: wasm[0]::function[868]::ngx_http_core_location: 1748 bytes
LLVM: wasm[0]::function[869]::ngx_http_core_listen: 3594 bytes
LLVM: wasm[0]::function[870]::ngx_http_core_server_name: 1162 bytes
LLVM: wasm[0]::function[871]::ngx_http_core_types: 411 bytes
LLVM: wasm[0]::function[872]::ngx_http_core_type: 1182 bytes
LLVM: wasm[0]::function[873]::ngx_http_core_root: 818 bytes
LLVM: wasm[0]::function[874]::ngx_http_script_variables_count: 272 bytes
LLVM: wasm[0]::function[875]::ngx_http_script_compile: 5997 bytes
LLVM: wasm[0]::function[876]::ngx_http_core_limit_except: 2598 bytes
LLVM: wasm[0]::function[877]::ngx_http_core_set_aio: 323 bytes
LLVM: wasm[0]::function[878]::ngx_http_core_directio: 172 bytes
LLVM: wasm[0]::function[879]::ngx_http_core_keepalive: 226 bytes
LLVM: wasm[0]::function[880]::ngx_http_core_internal: 77 bytes
LLVM: wasm[0]::function[881]::ngx_http_core_error_page: 2004 bytes
LLVM: wasm[0]::function[882]::ngx_http_compile_complex_value: 1088 bytes
LLVM: wasm[0]::function[883]::ngx_http_core_error_log: 53 bytes
LLVM: wasm[0]::function[884]::ngx_http_core_open_file_cache: 678 bytes
LLVM: wasm[0]::function[885]::ngx_http_core_resolver: 114 bytes
LLVM: wasm[0]::function[886]::ngx_http_disable_symlinks: 899 bytes
LLVM: wasm[0]::function[887]::ngx_http_core_lowat_check: 104 bytes
LLVM: wasm[0]::function[888]::ngx_http_core_pool_size: 189 bytes
LLVM: wasm[0]::function[889]::ngx_http_core_preconfiguration: 432 bytes
LLVM: wasm[0]::function[890]::ngx_http_add_variable: 2054 bytes
LLVM: wasm[0]::function[891]::ngx_http_core_postconfiguration: 40 bytes
LLVM: wasm[0]::function[892]::ngx_http_core_create_main_conf: 232 bytes
LLVM: wasm[0]::function[893]::ngx_http_core_init_main_conf: 179 bytes
LLVM: wasm[0]::function[894]::ngx_http_core_create_srv_conf: 290 bytes
LLVM: wasm[0]::function[895]::ngx_http_core_merge_srv_conf: 789 bytes
LLVM: wasm[0]::function[896]::ngx_http_core_create_loc_conf: 307 bytes
LLVM: wasm[0]::function[897]::ngx_http_core_merge_loc_conf: 4132 bytes
LLVM: wasm[0]::function[898]::ngx_http_finalize_request: 3654 bytes
LLVM: wasm[0]::function[899]::ngx_http_update_location_config: 542 bytes
LLVM: wasm[0]::function[900]::ngx_http_discard_request_body: 962 bytes
LLVM: wasm[0]::function[901]::ngx_http_core_auth_delay: 1412 bytes
LLVM: wasm[0]::function[902]::ngx_http_core_auth_delay_handler: 436 bytes
LLVM: wasm[0]::function[903]::ngx_http_test_reading: 586 bytes
LLVM: wasm[0]::function[904]::ngx_http_request_empty_handler: 100 bytes
LLVM: wasm[0]::function[905]::ngx_http_map_uri_to_path: 989 bytes
LLVM: wasm[0]::function[906]::ngx_http_script_run: 702 bytes
LLVM: wasm[0]::function[907]::ngx_http_set_content_type: 766 bytes
LLVM: wasm[0]::function[908]::ngx_http_set_exten: 169 bytes
LLVM: wasm[0]::function[909]::ngx_http_set_etag: 517 bytes
LLVM: wasm[0]::function[910]::ngx_http_send_header: 277 bytes
LLVM: wasm[0]::function[911]::ngx_http_output_filter: 311 bytes
LLVM: wasm[0]::function[912]::ngx_http_auth_basic_user: 761 bytes
LLVM: wasm[0]::function[913]::ngx_http_subrequest: 2035 bytes
LLVM: wasm[0]::function[914]::ngx_http_post_request: 243 bytes
LLVM: wasm[0]::function[915]::ngx_http_internal_redirect: 704 bytes
LLVM: wasm[0]::function[916]::ngx_http_named_location: 1088 bytes
LLVM: wasm[0]::function[917]::ngx_http_special_response_handler: 1309 bytes
LLVM: wasm[0]::function[918]::ngx_http_complex_value: 778 bytes
LLVM: wasm[0]::function[919]::ngx_http_send_refresh: 1611 bytes
LLVM: wasm[0]::function[920]::ngx_http_send_special_response: 1487 bytes
LLVM: wasm[0]::function[921]::ngx_http_send_special: 497 bytes
LLVM: wasm[0]::function[922]::ngx_http_filter_finalize_request: 292 bytes
LLVM: wasm[0]::function[923]::ngx_http_log_error: 415 bytes
LLVM: wasm[0]::function[924]::ngx_http_wait_request_handler: 4791 bytes
LLVM: wasm[0]::function[925]::ngx_http_empty_handler: 94 bytes
LLVM: wasm[0]::function[926]::ngx_event_add_timer.1229: 531 bytes
LLVM: wasm[0]::function[927]::ngx_http_close_connection: 198 bytes
LLVM: wasm[0]::function[928]::ngx_http_create_request: 1088 bytes
LLVM: wasm[0]::function[929]::ngx_http_process_request_line: 8324 bytes
LLVM: wasm[0]::function[930]::ngx_http_block_reading: 290 bytes
LLVM: wasm[0]::function[931]::ngx_http_log_error_handler: 683 bytes
LLVM: wasm[0]::function[932]::ngx_http_read_request_header: 787 bytes
LLVM: wasm[0]::function[933]::ngx_http_close_request: 439 bytes
LLVM: wasm[0]::function[934]::ngx_http_validate_host: 1732 bytes
LLVM: wasm[0]::function[935]::ngx_http_set_virtual_server: 655 bytes
LLVM: wasm[0]::function[936]::ngx_http_process_request: 307 bytes
LLVM: wasm[0]::function[937]::ngx_http_process_request_headers: 4058 bytes
LLVM: wasm[0]::function[938]::ngx_http_alloc_large_header_buffer: 1591 bytes
LLVM: wasm[0]::function[939]::ngx_http_free_request: 2287 bytes
LLVM: wasm[0]::function[940]::ngx_http_post_action: 349 bytes
LLVM: wasm[0]::function[941]::ngx_http_terminate_request: 809 bytes
LLVM: wasm[0]::function[942]::ngx_http_request_handler: 976 bytes
LLVM: wasm[0]::function[943]::ngx_http_set_write_handler: 276 bytes
LLVM: wasm[0]::function[944]::ngx_http_request_finalizer: 180 bytes
LLVM: wasm[0]::function[945]::ngx_event_del_timer.1280: 219 bytes
LLVM: wasm[0]::function[946]::ngx_http_finalize_connection: 1156 bytes
LLVM: wasm[0]::function[947]::ngx_http_parse_header_line: 1824 bytes
LLVM: wasm[0]::function[948]::ngx_http_terminate_handler: 197 bytes
LLVM: wasm[0]::function[949]::ngx_http_discarded_request_body_handler: 647 bytes
LLVM: wasm[0]::function[950]::ngx_http_set_keepalive: 3349 bytes
LLVM: wasm[0]::function[951]::ngx_http_lingering_close_handler: 859 bytes
LLVM: wasm[0]::function[952]::ngx_http_writer: 1014 bytes
LLVM: wasm[0]::function[953]::ngx_http_keepalive_handler: 1965 bytes
LLVM: wasm[0]::function[954]::ngx_http_process_host: 1036 bytes
LLVM: wasm[0]::function[955]::ngx_http_process_connection: 613 bytes
LLVM: wasm[0]::function[956]::ngx_http_process_proxy_connection: 157 bytes
LLVM: wasm[0]::function[957]::ngx_http_process_unique_header_line: 240 bytes
LLVM: wasm[0]::function[958]::ngx_http_process_user_agent: 985 bytes
LLVM: wasm[0]::function[959]::ngx_http_process_header_line: 77 bytes
LLVM: wasm[0]::function[960]::ngx_http_arg: 623 bytes
LLVM: wasm[0]::function[961]::ngx_http_parse_chunked: 1332 bytes
LLVM: wasm[0]::function[962]::ngx_http_log_set_format: 833 bytes
LLVM: wasm[0]::function[963]::ngx_http_log_compile_format: 2664 bytes
LLVM: wasm[0]::function[964]::ngx_http_log_set_log: 3408 bytes
LLVM: wasm[0]::function[965]::ngx_http_log_flush_handler: 129 bytes
LLVM: wasm[0]::function[966]::ngx_http_log_flush: 484 bytes
LLVM: wasm[0]::function[967]::ngx_http_log_open_file_cache: 1002 bytes
LLVM: wasm[0]::function[968]::ngx_http_log_copy_short: 401 bytes
LLVM: wasm[0]::function[969]::ngx_http_log_copy_long: 196 bytes
LLVM: wasm[0]::function[970]::ngx_http_get_variable_index: 1039 bytes
LLVM: wasm[0]::function[971]::ngx_http_log_json_variable: 566 bytes
LLVM: wasm[0]::function[972]::ngx_http_log_json_variable_getlen: 362 bytes
LLVM: wasm[0]::function[973]::ngx_http_log_unescaped_variable: 272 bytes
LLVM: wasm[0]::function[974]::ngx_http_log_unescaped_variable_getlen: 99 bytes
LLVM: wasm[0]::function[975]::ngx_http_log_variable: 839 bytes
LLVM: wasm[0]::function[976]::ngx_http_log_variable_getlen: 334 bytes
LLVM: wasm[0]::function[977]::ngx_http_get_indexed_variable: 618 bytes
LLVM: wasm[0]::function[978]::ngx_http_log_pipe: 151 bytes
LLVM: wasm[0]::function[979]::ngx_http_log_time: 197 bytes
LLVM: wasm[0]::function[980]::ngx_http_log_iso8601: 197 bytes
LLVM: wasm[0]::function[981]::ngx_http_log_msec: 206 bytes
LLVM: wasm[0]::function[982]::ngx_http_log_request_time: 259 bytes
LLVM: wasm[0]::function[983]::ngx_http_log_status: 222 bytes
LLVM: wasm[0]::function[984]::ngx_http_log_bytes_sent: 187 bytes
LLVM: wasm[0]::function[985]::ngx_http_log_body_bytes_sent: 214 bytes
LLVM: wasm[0]::function[986]::ngx_http_log_request_length: 190 bytes
LLVM: wasm[0]::function[987]::ngx_http_log_init: 627 bytes
LLVM: wasm[0]::function[988]::ngx_http_log_handler: 2722 bytes
LLVM: wasm[0]::function[989]::ngx_http_log_create_main_conf: 567 bytes
LLVM: wasm[0]::function[990]::ngx_http_log_create_loc_conf: 108 bytes
LLVM: wasm[0]::function[991]::ngx_http_log_merge_loc_conf: 645 bytes
LLVM: wasm[0]::function[992]::ngx_http_log_write: 1894 bytes
LLVM: wasm[0]::function[993]::ngx_http_read_client_request_body: 1725 bytes
LLVM: wasm[0]::function[994]::ngx_http_request_body_filter: 3931 bytes
LLVM: wasm[0]::function[995]::ngx_http_read_client_request_body_handler: 130 bytes
LLVM: wasm[0]::function[996]::ngx_http_do_read_client_request_body: 2617 bytes
LLVM: wasm[0]::function[997]::ngx_http_request_body_save_filter: 1050 bytes
LLVM: wasm[0]::function[998]::ngx_event_add_timer.1456: 531 bytes
LLVM: wasm[0]::function[999]::ngx_http_copy_pipelined_header: 1096 bytes
LLVM: wasm[0]::function[1000]::ngx_http_discard_request_body_filter: 638 bytes
LLVM: wasm[0]::function[1001]::ngx_http_read_discarded_request_body: 593 bytes
LLVM: wasm[0]::function[1002]::ngx_http_write_request_body: 746 bytes
LLVM: wasm[0]::function[1003]::ngx_http_variable_unknown_header: 836 bytes
LLVM: wasm[0]::function[1004]::ngx_http_variable_header: 52 bytes
LLVM: wasm[0]::function[1005]::ngx_http_variable_headers_internal: 454 bytes
LLVM: wasm[0]::function[1006]::ngx_http_variable_cookies: 52 bytes
LLVM: wasm[0]::function[1007]::ngx_http_variable_content_length: 382 bytes
LLVM: wasm[0]::function[1008]::ngx_http_variable_host: 150 bytes
LLVM: wasm[0]::function[1009]::ngx_http_variable_binary_remote_addr: 171 bytes
LLVM: wasm[0]::function[1010]::ngx_http_variable_remote_addr: 97 bytes
LLVM: wasm[0]::function[1011]::ngx_http_variable_remote_port: 275 bytes
LLVM: wasm[0]::function[1012]::ngx_http_variable_proxy_protocol_addr: 117 bytes
LLVM: wasm[0]::function[1013]::ngx_http_variable_proxy_protocol_port: 275 bytes
LLVM: wasm[0]::function[1014]::ngx_http_variable_proxy_protocol_tlv: 1216 bytes
LLVM: wasm[0]::function[1015]::ngx_http_variable_server_addr: 297 bytes
LLVM: wasm[0]::function[1016]::ngx_http_variable_server_port: 299 bytes
LLVM: wasm[0]::function[1017]::ngx_http_variable_request: 108 bytes
LLVM: wasm[0]::function[1018]::ngx_http_variable_scheme: 72 bytes
LLVM: wasm[0]::function[1019]::ngx_http_variable_https: 57 bytes
LLVM: wasm[0]::function[1020]::ngx_http_variable_request_port: 238 bytes
LLVM: wasm[0]::function[1021]::ngx_http_variable_is_request_port: 100 bytes
LLVM: wasm[0]::function[1022]::ngx_http_variable_request_line: 190 bytes
LLVM: wasm[0]::function[1023]::ngx_http_variable_document_root: 549 bytes
LLVM: wasm[0]::function[1024]::ngx_http_variable_realpath_root: 796 bytes
LLVM: wasm[0]::function[1025]::ngx_http_variable_set_args: 93 bytes
LLVM: wasm[0]::function[1026]::ngx_http_variable_is_args: 99 bytes
LLVM: wasm[0]::function[1027]::ngx_http_variable_request_filename: 183 bytes
LLVM: wasm[0]::function[1028]::ngx_http_variable_server_name: 103 bytes
LLVM: wasm[0]::function[1029]::ngx_http_variable_request_method: 135 bytes
LLVM: wasm[0]::function[1030]::ngx_http_variable_remote_user: 153 bytes
LLVM: wasm[0]::function[1031]::ngx_http_variable_bytes_sent: 216 bytes
LLVM: wasm[0]::function[1032]::ngx_http_variable_body_bytes_sent: 238 bytes
LLVM: wasm[0]::function[1033]::ngx_http_variable_pipe: 97 bytes
LLVM: wasm[0]::function[1034]::ngx_http_variable_request_completion: 99 bytes
LLVM: wasm[0]::function[1035]::ngx_http_variable_request_body: 458 bytes
LLVM: wasm[0]::function[1036]::ngx_http_variable_request_body_file: 137 bytes
LLVM: wasm[0]::function[1037]::ngx_http_variable_request_length: 212 bytes
LLVM: wasm[0]::function[1038]::ngx_http_variable_request_time: 286 bytes
LLVM: wasm[0]::function[1039]::ngx_http_variable_request_id: 540 bytes
LLVM: wasm[0]::function[1040]::ngx_http_variable_status: 251 bytes
LLVM: wasm[0]::function[1041]::ngx_http_variable_sent_content_type: 106 bytes
LLVM: wasm[0]::function[1042]::ngx_http_variable_sent_content_length: 319 bytes
LLVM: wasm[0]::function[1043]::ngx_http_variable_sent_location: 200 bytes
LLVM: wasm[0]::function[1044]::ngx_http_variable_sent_last_modified: 259 bytes
LLVM: wasm[0]::function[1045]::ngx_http_variable_sent_connection: 133 bytes
LLVM: wasm[0]::function[1046]::ngx_http_variable_sent_keep_alive: 278 bytes
LLVM: wasm[0]::function[1047]::ngx_http_variable_sent_transfer_encoding: 92 bytes
LLVM: wasm[0]::function[1048]::ngx_http_variable_set_limit_rate: 229 bytes
LLVM: wasm[0]::function[1049]::ngx_http_variable_request_get_size: 222 bytes
LLVM: wasm[0]::function[1050]::ngx_http_variable_connection: 216 bytes
LLVM: wasm[0]::function[1051]::ngx_http_variable_connection_requests: 216 bytes
LLVM: wasm[0]::function[1052]::ngx_http_variable_connection_time: 257 bytes
LLVM: wasm[0]::function[1053]::ngx_http_variable_nginx_version: 72 bytes
LLVM: wasm[0]::function[1054]::ngx_http_variable_hostname: 97 bytes
LLVM: wasm[0]::function[1055]::ngx_http_variable_pid: 210 bytes
LLVM: wasm[0]::function[1056]::ngx_http_variable_msec: 227 bytes
LLVM: wasm[0]::function[1057]::ngx_http_variable_time_iso8601: 209 bytes
LLVM: wasm[0]::function[1058]::ngx_http_variable_time_local: 209 bytes
LLVM: wasm[0]::function[1059]::ngx_http_variable_tcpinfo: 360 bytes
LLVM: wasm[0]::function[1060]::ngx_http_variable_unknown_header_in: 65 bytes
LLVM: wasm[0]::function[1061]::ngx_http_variable_unknown_header_out: 68 bytes
LLVM: wasm[0]::function[1062]::ngx_http_variable_unknown_trailer_out: 68 bytes
LLVM: wasm[0]::function[1063]::ngx_http_variable_cookie: 801 bytes
LLVM: wasm[0]::function[1064]::ngx_http_variable_argument: 218 bytes
LLVM: wasm[0]::function[1065]::ngx_http_complex_value_size: 241 bytes
LLVM: wasm[0]::function[1066]::ngx_http_script_mark_args_code: 63 bytes
LLVM: wasm[0]::function[1067]::ngx_http_script_start_args_code: 141 bytes
LLVM: wasm[0]::function[1068]::ngx_http_script_copy_len_code: 59 bytes
LLVM: wasm[0]::function[1069]::ngx_http_script_copy_code: 417 bytes
LLVM: wasm[0]::function[1070]::ngx_http_script_copy_var_len_code: 157 bytes
LLVM: wasm[0]::function[1071]::ngx_http_script_copy_var_code: 508 bytes
LLVM: wasm[0]::function[1072]::ngx_http_script_full_name_len_code: 83 bytes
LLVM: wasm[0]::function[1073]::ngx_http_script_full_name_code: 550 bytes
LLVM: wasm[0]::function[1074]::ngx_http_set_complex_value_slot: 243 bytes
LLVM: wasm[0]::function[1075]::ngx_http_set_complex_value_size_slot: 328 bytes
LLVM: wasm[0]::function[1076]::ngx_http_test_predicates: 263 bytes
LLVM: wasm[0]::function[1077]::ngx_http_set_predicate_slot: 708 bytes
LLVM: wasm[0]::function[1078]::ngx_http_upstream_finalize_request: 1570 bytes
LLVM: wasm[0]::function[1079]::ngx_http_file_cache_free: 955 bytes
LLVM: wasm[0]::function[1080]::ngx_http_upstream_process_trailers: 711 bytes
LLVM: wasm[0]::function[1081]::ngx_http_upstream_init: 507 bytes
LLVM: wasm[0]::function[1082]::ngx_http_upstream_init_request: 5340 bytes
LLVM: wasm[0]::function[1083]::ngx_http_file_cache_create_key: 999 bytes
LLVM: wasm[0]::function[1084]::ngx_http_file_cache_open: 1286 bytes
LLVM: wasm[0]::function[1085]::ngx_http_upstream_cache_send: 838 bytes
LLVM: wasm[0]::function[1086]::ngx_http_upstream_wr_check_broken_connection: 62 bytes
LLVM: wasm[0]::function[1087]::ngx_http_upstream_rd_check_broken_connection: 62 bytes
LLVM: wasm[0]::function[1088]::ngx_http_upstream_cleanup: 184 bytes
LLVM: wasm[0]::function[1089]::ngx_http_upstream_create_round_robin_peer: 1261 bytes
LLVM: wasm[0]::function[1090]::ngx_http_upstream_resolve_handler: 1118 bytes
LLVM: wasm[0]::function[1091]::ngx_http_upstream_connect: 5406 bytes
LLVM: wasm[0]::function[1092]::ngx_http_cache_send: 1071 bytes
LLVM: wasm[0]::function[1093]::ngx_http_upstream_process_headers: 3140 bytes
LLVM: wasm[0]::function[1094]::ngx_http_upstream_check_broken_connection: 979 bytes
LLVM: wasm[0]::function[1095]::ngx_http_upstream_next: 1160 bytes
LLVM: wasm[0]::function[1096]::ngx_http_upstream_handler: 638 bytes
LLVM: wasm[0]::function[1097]::ngx_http_upstream_send_request_handler: 563 bytes
LLVM: wasm[0]::function[1098]::ngx_http_upstream_process_header: 6696 bytes
LLVM: wasm[0]::function[1099]::ngx_event_add_timer.1650: 531 bytes
LLVM: wasm[0]::function[1100]::ngx_http_upstream_send_request: 2686 bytes
LLVM: wasm[0]::function[1101]::ngx_http_upstream_dummy_handler: 100 bytes
LLVM: wasm[0]::function[1102]::ngx_http_write_filter: 3862 bytes
LLVM: wasm[0]::function[1103]::ngx_http_upstream_early_hints_writer: 520 bytes
LLVM: wasm[0]::function[1104]::ngx_http_file_cache_update_header: 1670 bytes
LLVM: wasm[0]::function[1105]::ngx_http_upstream_send_response: 4358 bytes
LLVM: wasm[0]::function[1106]::ngx_http_upstream_read_request_handler: 205 bytes
LLVM: wasm[0]::function[1107]::ngx_event_del_timer.1655: 219 bytes
LLVM: wasm[0]::function[1108]::ngx_http_upstream_upgraded_write_downstream: 57 bytes
LLVM: wasm[0]::function[1109]::ngx_http_upstream_upgraded_read_downstream: 51 bytes
LLVM: wasm[0]::function[1110]::ngx_http_upstream_upgraded_write_upstream: 54 bytes
LLVM: wasm[0]::function[1111]::ngx_http_upstream_upgraded_read_upstream: 54 bytes
LLVM: wasm[0]::function[1112]::ngx_http_upstream_process_upgraded: 2873 bytes
LLVM: wasm[0]::function[1113]::ngx_http_upstream_non_buffered_filter: 657 bytes
LLVM: wasm[0]::function[1114]::ngx_http_upstream_non_buffered_filter_init: 40 bytes
LLVM: wasm[0]::function[1115]::ngx_http_upstream_process_non_buffered_upstream: 265 bytes
LLVM: wasm[0]::function[1116]::ngx_http_upstream_process_non_buffered_downstream: 290 bytes
LLVM: wasm[0]::function[1117]::ngx_http_file_cache_create: 320 bytes
LLVM: wasm[0]::function[1118]::ngx_http_file_cache_set_header: 1211 bytes
LLVM: wasm[0]::function[1119]::ngx_http_upstream_output_filter: 362 bytes
LLVM: wasm[0]::function[1120]::ngx_http_upstream_process_downstream: 418 bytes
LLVM: wasm[0]::function[1121]::ngx_http_upstream_process_upstream: 643 bytes
LLVM: wasm[0]::function[1122]::ngx_http_upstream_process_non_buffered_request: 3828 bytes
LLVM: wasm[0]::function[1123]::ngx_http_upstream_process_request: 1409 bytes
LLVM: wasm[0]::function[1124]::ngx_http_file_cache_update: 871 bytes
LLVM: wasm[0]::function[1125]::ngx_http_upstream: 1370 bytes
LLVM: wasm[0]::function[1126]::ngx_http_upstream_add: 2011 bytes
LLVM: wasm[0]::function[1127]::ngx_http_upstream_server: 2722 bytes
LLVM: wasm[0]::function[1128]::ngx_http_upstream_resolver: 108 bytes
LLVM: wasm[0]::function[1129]::ngx_http_upstream_add_variables: 163 bytes
LLVM: wasm[0]::function[1130]::ngx_http_upstream_create_main_conf: 183 bytes
LLVM: wasm[0]::function[1131]::ngx_http_upstream_init_main_conf: 1066 bytes
LLVM: wasm[0]::function[1132]::ngx_http_upstream_init_round_robin: 3842 bytes
LLVM: wasm[0]::function[1133]::ngx_http_upstream_process_header_line: 240 bytes
LLVM: wasm[0]::function[1134]::ngx_http_upstream_copy_header_line: 359 bytes
LLVM: wasm[0]::function[1135]::ngx_http_upstream_copy_content_type: 606 bytes
LLVM: wasm[0]::function[1136]::ngx_http_upstream_process_content_length: 519 bytes
LLVM: wasm[0]::function[1137]::ngx_http_upstream_ignore_header_line: 40 bytes
LLVM: wasm[0]::function[1138]::ngx_http_upstream_process_last_modified: 269 bytes
LLVM: wasm[0]::function[1139]::ngx_http_upstream_copy_last_modified: 348 bytes
LLVM: wasm[0]::function[1140]::ngx_http_upstream_process_multi_header_lines: 93 bytes
LLVM: wasm[0]::function[1141]::ngx_http_upstream_rewrite_location: 639 bytes
LLVM: wasm[0]::function[1142]::ngx_http_upstream_rewrite_refresh: 864 bytes
LLVM: wasm[0]::function[1143]::ngx_http_upstream_process_set_cookie: 123 bytes
LLVM: wasm[0]::function[1144]::ngx_http_upstream_rewrite_set_cookie: 573 bytes
LLVM: wasm[0]::function[1145]::ngx_http_upstream_process_cache_control: 2313 bytes
LLVM: wasm[0]::function[1146]::ngx_http_upstream_process_delta_seconds: 159 bytes
LLVM: wasm[0]::function[1147]::ngx_http_upstream_copy_multi_header_lines: 377 bytes
LLVM: wasm[0]::function[1148]::ngx_http_upstream_process_expires: 346 bytes
LLVM: wasm[0]::function[1149]::ngx_http_upstream_copy_allow_ranges: 421 bytes
LLVM: wasm[0]::function[1150]::ngx_http_upstream_copy_upgrade: 349 bytes
LLVM: wasm[0]::function[1151]::ngx_http_upstream_process_connection: 378 bytes
LLVM: wasm[0]::function[1152]::ngx_http_upstream_process_vary: 534 bytes
LLVM: wasm[0]::function[1153]::ngx_http_upstream_process_accel_expires: 575 bytes
LLVM: wasm[0]::function[1154]::ngx_http_upstream_process_limit_rate: 369 bytes
LLVM: wasm[0]::function[1155]::ngx_http_upstream_process_buffering: 323 bytes
LLVM: wasm[0]::function[1156]::ngx_http_upstream_process_charset: 78 bytes
LLVM: wasm[0]::function[1157]::ngx_http_upstream_process_transfer_encoding: 700 bytes
LLVM: wasm[0]::function[1158]::ngx_http_upstream_addr_variable: 610 bytes
LLVM: wasm[0]::function[1159]::ngx_http_upstream_status_variable: 433 bytes
LLVM: wasm[0]::function[1160]::ngx_http_upstream_response_time_variable: 501 bytes
LLVM: wasm[0]::function[1161]::ngx_http_upstream_response_length_variable: 748 bytes
LLVM: wasm[0]::function[1162]::ngx_http_upstream_cache_status: 130 bytes
LLVM: wasm[0]::function[1163]::ngx_http_upstream_cache_last_modified: 254 bytes
LLVM: wasm[0]::function[1164]::ngx_http_upstream_cache_etag: 191 bytes
LLVM: wasm[0]::function[1165]::ngx_http_upstream_header_variable: 101 bytes
LLVM: wasm[0]::function[1166]::ngx_http_upstream_trailer_variable: 101 bytes
LLVM: wasm[0]::function[1167]::ngx_http_upstream_cookie_variable: 630 bytes
LLVM: wasm[0]::function[1168]::ngx_http_upstream_bind_set_slot: 752 bytes
LLVM: wasm[0]::function[1169]::ngx_http_upstream_hide_headers_hash: 1899 bytes
LLVM: wasm[0]::function[1170]::ngx_http_upstream_init_round_robin_peer: 466 bytes
LLVM: wasm[0]::function[1171]::ngx_http_upstream_create_sid: 529 bytes
LLVM: wasm[0]::function[1172]::ngx_http_upstream_free_round_robin_peer: 795 bytes
LLVM: wasm[0]::function[1173]::ngx_http_upstream_get_round_robin_peer: 1835 bytes
LLVM: wasm[0]::function[1174]::ngx_http_upstream_rr_peer_unref: 267 bytes
LLVM: wasm[0]::function[1175]::ngx_http_upstream_init_round_robin_sid: 572 bytes
LLVM: wasm[0]::function[1176]::ngx_http_file_cache_cleanup: 266 bytes
LLVM: wasm[0]::function[1177]::ngx_http_file_cache_exists: 1335 bytes
LLVM: wasm[0]::function[1178]::ngx_http_file_cache_name: 893 bytes
LLVM: wasm[0]::function[1179]::ngx_http_file_cache_forced_expire: 1792 bytes
LLVM: wasm[0]::function[1180]::ngx_http_file_cache_delete: 1689 bytes
LLVM: wasm[0]::function[1181]::ngx_http_file_cache_read: 1762 bytes
LLVM: wasm[0]::function[1182]::ngx_http_file_cache_lock: 581 bytes
LLVM: wasm[0]::function[1183]::ngx_http_file_cache_vary: 4038 bytes
LLVM: wasm[0]::function[1184]::ngx_http_file_cache_reopen: 426 bytes
LLVM: wasm[0]::function[1185]::ngx_http_file_cache_lock_wait_handler: 1004 bytes
LLVM: wasm[0]::function[1186]::ngx_event_add_timer.1839: 531 bytes
LLVM: wasm[0]::function[1187]::ngx_http_file_cache_set_slot: 3538 bytes
LLVM: wasm[0]::function[1188]::ngx_http_file_cache_loader: 520 bytes
LLVM: wasm[0]::function[1189]::ngx_http_file_cache_manager: 2606 bytes
LLVM: wasm[0]::function[1190]::ngx_http_file_cache_init: 964 bytes
LLVM: wasm[0]::function[1191]::ngx_http_file_cache_delete_file: 252 bytes
LLVM: wasm[0]::function[1192]::ngx_http_file_cache_noop: 40 bytes
LLVM: wasm[0]::function[1193]::ngx_http_file_cache_manage_directory: 91 bytes
LLVM: wasm[0]::function[1194]::ngx_http_file_cache_manage_file: 2982 bytes
LLVM: wasm[0]::function[1195]::ngx_http_file_cache_rbtree_insert_value: 226 bytes
LLVM: wasm[0]::function[1196]::ngx_http_file_cache_valid_set_slot: 1824 bytes
LLVM: wasm[0]::function[1197]::ngx_event_add_timer.1945: 531 bytes
LLVM: wasm[0]::function[1198]::ngx_http_write_filter_init: 54 bytes
LLVM: wasm[0]::function[1199]::ngx_http_header_filter_init: 54 bytes
LLVM: wasm[0]::function[1200]::ngx_http_header_filter: 4097 bytes
LLVM: wasm[0]::function[1201]::ngx_http_chunked_filter_init: 88 bytes
LLVM: wasm[0]::function[1202]::ngx_http_chunked_header_filter: 503 bytes
LLVM: wasm[0]::function[1203]::ngx_http_chunked_body_filter: 2856 bytes
LLVM: wasm[0]::function[1204]::ngx_http_range_header_filter_init: 66 bytes
LLVM: wasm[0]::function[1205]::ngx_http_range_header_filter: 1440 bytes
LLVM: wasm[0]::function[1206]::ngx_http_range_parse: 1235 bytes
LLVM: wasm[0]::function[1207]::ngx_http_range_singlepart_header: 783 bytes
LLVM: wasm[0]::function[1208]::ngx_http_range_multipart_header: 976 bytes
LLVM: wasm[0]::function[1209]::ngx_http_range_not_satisfiable: 563 bytes
LLVM: wasm[0]::function[1210]::ngx_http_range_body_filter_init: 66 bytes
LLVM: wasm[0]::function[1211]::ngx_http_range_body_filter: 2992 bytes
LLVM: wasm[0]::function[1212]::ngx_http_postpone_filter_init: 66 bytes
LLVM: wasm[0]::function[1213]::ngx_http_postpone_filter: 2562 bytes
LLVM: wasm[0]::function[1214]::ngx_http_set_charset_slot: 1027 bytes
LLVM: wasm[0]::function[1215]::ngx_http_charset_map_block: 3349 bytes
LLVM: wasm[0]::function[1216]::ngx_http_charset_map: 1310 bytes
LLVM: wasm[0]::function[1217]::ngx_http_charset_postconfiguration: 901 bytes
LLVM: wasm[0]::function[1218]::ngx_http_charset_header_filter: 3687 bytes
LLVM: wasm[0]::function[1219]::ngx_http_charset_body_filter: 7798 bytes
LLVM: wasm[0]::function[1220]::ngx_http_charset_create_main_conf: 362 bytes
LLVM: wasm[0]::function[1221]::ngx_http_charset_create_loc_conf: 107 bytes
LLVM: wasm[0]::function[1222]::ngx_http_charset_merge_loc_conf: 1992 bytes
LLVM: wasm[0]::function[1223]::ngx_http_get_charset: 255 bytes
LLVM: wasm[0]::function[1224]::ngx_http_charset_ctx: 499 bytes
LLVM: wasm[0]::function[1225]::ngx_http_headers_expires: 416 bytes
LLVM: wasm[0]::function[1226]::ngx_http_parse_expires: 622 bytes
LLVM: wasm[0]::function[1227]::ngx_http_headers_add: 1316 bytes
LLVM: wasm[0]::function[1228]::ngx_http_add_header: 332 bytes
LLVM: wasm[0]::function[1229]::ngx_http_add_multi_header_lines: 393 bytes
LLVM: wasm[0]::function[1230]::ngx_http_set_last_modified: 473 bytes
LLVM: wasm[0]::function[1231]::ngx_http_set_response_header: 407 bytes
LLVM: wasm[0]::function[1232]::ngx_http_headers_filter_init: 88 bytes
LLVM: wasm[0]::function[1233]::ngx_http_headers_filter: 2520 bytes
LLVM: wasm[0]::function[1234]::ngx_http_trailers_filter: 1142 bytes
LLVM: wasm[0]::function[1235]::ngx_http_headers_create_conf: 125 bytes
LLVM: wasm[0]::function[1236]::ngx_http_headers_merge_conf: 1027 bytes
LLVM: wasm[0]::function[1237]::ngx_http_copy_filter_init: 66 bytes
LLVM: wasm[0]::function[1238]::ngx_http_copy_filter: 813 bytes
LLVM: wasm[0]::function[1239]::ngx_http_copy_filter_create_conf: 81 bytes
LLVM: wasm[0]::function[1240]::ngx_http_copy_filter_merge_conf: 85 bytes
LLVM: wasm[0]::function[1241]::ngx_http_not_modified_filter_init: 66 bytes
LLVM: wasm[0]::function[1242]::ngx_http_not_modified_header_filter: 1487 bytes
LLVM: wasm[0]::function[1243]::ngx_http_test_if_match: 985 bytes
LLVM: wasm[0]::function[1244]::ngx_http_static_init: 402 bytes
LLVM: wasm[0]::function[1245]::ngx_http_static_handler: 2482 bytes
LLVM: wasm[0]::function[1246]::ngx_http_autoindex_init: 402 bytes
LLVM: wasm[0]::function[1247]::ngx_http_autoindex_handler: 3272 bytes
LLVM: wasm[0]::function[1248]::ngx_http_autoindex_create_loc_conf: 91 bytes
LLVM: wasm[0]::function[1249]::ngx_http_autoindex_merge_loc_conf: 155 bytes
LLVM: wasm[0]::function[1250]::ngx_http_autoindex_cmp_entries: 98 bytes
LLVM: wasm[0]::function[1251]::ngx_http_autoindex_json: 1856 bytes
LLVM: wasm[0]::function[1252]::ngx_http_autoindex_xml: 1357 bytes
LLVM: wasm[0]::function[1253]::ngx_http_autoindex_html: 4236 bytes
LLVM: wasm[0]::function[1254]::ngx_http_index_set_index: 1264 bytes
LLVM: wasm[0]::function[1255]::ngx_http_index_init: 402 bytes
LLVM: wasm[0]::function[1256]::ngx_http_index_handler: 3553 bytes
LLVM: wasm[0]::function[1257]::ngx_http_index_create_loc_conf: 82 bytes
LLVM: wasm[0]::function[1258]::ngx_http_index_merge_loc_conf: 468 bytes
LLVM: wasm[0]::function[1259]::ngx_http_try_files: 1120 bytes
LLVM: wasm[0]::function[1260]::ngx_http_try_files_init: 402 bytes
LLVM: wasm[0]::function[1261]::ngx_http_try_files_handler: 2960 bytes
LLVM: wasm[0]::function[1262]::ngx_http_try_files_create_loc_conf: 81 bytes
LLVM: wasm[0]::function[1263]::ngx_http_auth_basic_user_file: 232 bytes
LLVM: wasm[0]::function[1264]::ngx_http_auth_basic_init: 402 bytes
LLVM: wasm[0]::function[1265]::ngx_http_auth_basic_handler: 2150 bytes
LLVM: wasm[0]::function[1266]::ngx_http_auth_basic_create_loc_conf: 82 bytes
LLVM: wasm[0]::function[1267]::ngx_http_auth_basic_merge_loc_conf: 98 bytes
LLVM: wasm[0]::function[1268]::ngx_http_auth_basic_crypt_handler: 8396 bytes
LLVM: wasm[0]::function[1269]::ngx_http_auth_basic_set_realm: 552 bytes
LLVM: wasm[0]::function[1270]::ngx_http_access_rule: 1960 bytes
LLVM: wasm[0]::function[1271]::ngx_http_access_init: 402 bytes
LLVM: wasm[0]::function[1272]::ngx_http_access_handler: 1457 bytes
LLVM: wasm[0]::function[1273]::ngx_http_access_create_loc_conf: 90 bytes
LLVM: wasm[0]::function[1274]::ngx_http_access_merge_loc_conf: 85 bytes
LLVM: wasm[0]::function[1275]::ngx_http_access_inet: 432 bytes
LLVM: wasm[0]::function[1276]::ngx_http_proxy_create_key: 1713 bytes
LLVM: wasm[0]::function[1277]::ngx_http_proxy_pass: 1584 bytes
LLVM: wasm[0]::function[1278]::ngx_http_proxy_handler: 2489 bytes
LLVM: wasm[0]::function[1279]::ngx_http_proxy_set_vars: 232 bytes
LLVM: wasm[0]::function[1280]::ngx_http_proxy_redirect: 1586 bytes
LLVM: wasm[0]::function[1281]::ngx_http_proxy_rewrite_complex_handler: 927 bytes
LLVM: wasm[0]::function[1282]::ngx_http_proxy_cookie_domain: 1059 bytes
LLVM: wasm[0]::function[1283]::ngx_http_proxy_rewrite_domain_handler: 1081 bytes
LLVM: wasm[0]::function[1284]::ngx_http_proxy_cookie_path: 1041 bytes
LLVM: wasm[0]::function[1285]::ngx_http_proxy_cookie_flags: 1425 bytes
LLVM: wasm[0]::function[1286]::ngx_http_proxy_store: 720 bytes
LLVM: wasm[0]::function[1287]::ngx_http_proxy_cache: 451 bytes
LLVM: wasm[0]::function[1288]::ngx_http_proxy_cache_key: 159 bytes
LLVM: wasm[0]::function[1289]::ngx_http_proxy_lowat_check: 104 bytes
LLVM: wasm[0]::function[1290]::ngx_http_proxy_finalize_request: 100 bytes
LLVM: wasm[0]::function[1291]::ngx_http_proxy_abort_request: 100 bytes
LLVM: wasm[0]::function[1292]::ngx_http_proxy_process_status_line: 1808 bytes
LLVM: wasm[0]::function[1293]::ngx_http_proxy_reinit_request: 147 bytes
LLVM: wasm[0]::function[1294]::ngx_http_proxy_create_request: 6788 bytes
LLVM: wasm[0]::function[1295]::ngx_http_proxy_rewrite_redirect: 336 bytes
LLVM: wasm[0]::function[1296]::ngx_http_proxy_rewrite_cookie: 6700 bytes
LLVM: wasm[0]::function[1297]::ngx_http_proxy_copy_filter: 959 bytes
LLVM: wasm[0]::function[1298]::ngx_http_proxy_non_buffered_copy_filter: 707 bytes
LLVM: wasm[0]::function[1299]::ngx_http_proxy_input_filter_init: 472 bytes
LLVM: wasm[0]::function[1300]::ngx_http_proxy_body_output_filter: 2168 bytes
LLVM: wasm[0]::function[1301]::ngx_http_proxy_process_header: 2644 bytes
LLVM: wasm[0]::function[1302]::ngx_http_proxy_non_buffered_chunked_filter: 1303 bytes
LLVM: wasm[0]::function[1303]::ngx_http_proxy_chunked_filter: 1936 bytes
LLVM: wasm[0]::function[1304]::ngx_http_proxy_process_trailer: 1900 bytes
LLVM: wasm[0]::function[1305]::ngx_http_proxy_add_variables: 163 bytes
LLVM: wasm[0]::function[1306]::ngx_http_proxy_create_main_conf: 173 bytes
LLVM: wasm[0]::function[1307]::ngx_http_proxy_create_loc_conf: 470 bytes
LLVM: wasm[0]::function[1308]::ngx_http_proxy_merge_loc_conf: 3734 bytes
LLVM: wasm[0]::function[1309]::ngx_http_proxy_init_headers: 3921 bytes
LLVM: wasm[0]::function[1310]::ngx_http_proxy_host_variable: 123 bytes
LLVM: wasm[0]::function[1311]::ngx_http_proxy_port_variable: 123 bytes
LLVM: wasm[0]::function[1312]::ngx_http_proxy_add_x_forwarded_for_variable: 491 bytes
LLVM: wasm[0]::function[1313]::ngx_http_proxy_internal_body_length_variable: 295 bytes
LLVM: wasm[0]::function[1314]::ngx_http_proxy_internal_chunked_variable: 124 bytes
LLVM: wasm[0]::function[1315]::ngx_http_upstream_zone_init_worker: 727 bytes
LLVM: wasm[0]::function[1316]::ngx_http_upstream_zone_resolve_timer: 577 bytes
LLVM: wasm[0]::function[1317]::ngx_http_upstream_zone_resolve_handler: 4204 bytes
LLVM: wasm[0]::function[1318]::ngx_event_add_timer.2424: 531 bytes
LLVM: wasm[0]::function[1319]::ngx_http_upstream_rr_peer_free: 225 bytes
LLVM: wasm[0]::function[1320]::ngx_http_upstream_zone_copy_peer: 1439 bytes
LLVM: wasm[0]::function[1321]::ngx_http_upstream_zone: 472 bytes
LLVM: wasm[0]::function[1322]::ngx_http_upstream_init_zone: 2136 bytes
LLVM: wasm[0]::function[1323]::ngx_http_upstream_zone_preresolve: 1186 bytes
LLVM: wasm[0]::function[1324]::ngx_http_upstream_sticky_init_worker: 377 bytes
LLVM: wasm[0]::function[1325]::ngx_http_upstream_sticky_sess_expire: 608 bytes
LLVM: wasm[0]::function[1326]::ngx_event_add_timer.2440: 531 bytes
LLVM: wasm[0]::function[1327]::ngx_http_upstream_sticky: 4052 bytes
LLVM: wasm[0]::function[1328]::ngx_http_upstream_sticky_init_upstream: 222 bytes
LLVM: wasm[0]::function[1329]::ngx_http_upstream_sticky_sess_timer_handler: 206 bytes
LLVM: wasm[0]::function[1330]::ngx_http_upstream_sticky_sess_init_zone: 621 bytes
LLVM: wasm[0]::function[1331]::ngx_http_upstream_sticky_init_peer: 783 bytes
LLVM: wasm[0]::function[1332]::ngx_http_upstream_sticky_sess_rbtree_insert_value: 179 bytes
LLVM: wasm[0]::function[1333]::ngx_http_upstream_sticky_get_peer: 3800 bytes
LLVM: wasm[0]::function[1334]::ngx_http_upstream_sticky_free_peer: 239 bytes
LLVM: wasm[0]::function[1335]::ngx_http_upstream_sticky_notify_peer: 218 bytes
LLVM: wasm[0]::function[1336]::ngx_http_upstream_sticky_learn_peer: 1875 bytes
LLVM: wasm[0]::function[1337]::ngx_http_upstream_sticky_create_conf: 136 bytes
LLVM: wasm[1]::function[0]: 136 bytes
LLVM: wasm[1]::function[1]: 143 bytes
LLVM: wasm[1]::function[2]: 138 bytes
LLVM: wasm[1]::function[3]: 158 bytes
LLVM: wasm[1]::function[4]: 138 bytes
LLVM: wasm[1]::function[5]: 143 bytes
LLVM: wasm[1]::function[6]: 143 bytes
LLVM: wasm[1]::function[7]: 138 bytes
LLVM: wasm[1]::function[8]: 164 bytes
LLVM: wasm[1]::function[9]: 138 bytes
LLVM: wasm[1]::function[10]: 158 bytes
LLVM: wasm[1]::function[11]: 164 bytes
LLVM: wasm[1]::function[12]: 138 bytes
LLVM: wasm[1]::function[13]: 158 bytes
LLVM: wasm[1]::function[14]: 138 bytes
LLVM: wasm[1]::function[15]: 164 bytes
LLVM: wasm[1]::function[16]: 198 bytes
LLVM: wasm[1]::function[17]: 182 bytes
LLVM: wasm[1]::function[18]: 160 bytes
LLVM: wasm[1]::function[19]: 182 bytes
LLVM: wasm[1]::function[20]: 160 bytes
LLVM: wasm[1]::function[21]: 140 bytes
LLVM: wasm[1]::function[22]: 166 bytes
LLVM: wasm[1]::function[23]: 140 bytes
LLVM: wasm[1]::function[24]: 218 bytes
LLVM: wasm[1]::function[25]: 140 bytes
LLVM: wasm[1]::function[26]: 218 bytes
LLVM: wasm[1]::function[27]: 140 bytes
LLVM: wasm[1]::function[28]: 140 bytes
LLVM: wasm[1]::function[29]: 140 bytes
LLVM: wasm[1]::function[30]: 145 bytes
LLVM: wasm[1]::function[31]: 140 bytes
LLVM: wasm[1]::function[32]: 145 bytes
LLVM: wasm[1]::function[33]: 140 bytes
LLVM: wasm[1]::function[34]: 145 bytes
LLVM: wasm[1]::function[35]: 145 bytes
LLVM: wasm[1]::function[36]: 140 bytes
LLVM: wasm[1]::function[37]: 160 bytes
LLVM: wasm[1]::function[38]: 218 bytes
LLVM: wasm[1]::function[39]: 140 bytes
LLVM: wasm[1]::function[40]: 218 bytes
LLVM: wasm[1]::function[41]: 140 bytes
LLVM: wasm[1]::function[42]: 140 bytes
LLVM: wasm[1]::function[43]: 140 bytes
LLVM: wasm[1]::function[44]: 140 bytes
LLVM: wasm[1]::function[45]: 140 bytes
LLVM: wasm[1]::function[46]: 140 bytes
LLVM: wasm[1]::function[47]: 145 bytes
LLVM: wasm[1]::function[48]: 140 bytes
LLVM: wasm[1]::function[49]: 145 bytes
LLVM: wasm[1]::function[50]: 140 bytes
LLVM: wasm[1]::function[51]: 145 bytes
LLVM: wasm[1]::function[52]: 140 bytes
LLVM: wasm[1]::function[53]: 145 bytes
LLVM: wasm[1]::function[54]: 140 bytes
LLVM: wasm[1]::function[55]: 145 bytes
LLVM: wasm[1]::function[56]: 140 bytes
LLVM: wasm[1]::function[57]: 145 bytes
LLVM: wasm[1]::function[58]: 140 bytes
LLVM: wasm[1]::function[59]: 145 bytes
LLVM: wasm[1]::function[60]: 140 bytes
LLVM: wasm[1]::function[61]: 145 bytes
LLVM: wasm[1]::function[62]: 145 bytes
LLVM: wasm[1]::function[63]: 140 bytes
LLVM: wasm[1]::function[64]: 160 bytes
LLVM: wasm[1]::function[65]: 123 bytes
LLVM: wasm[1]::function[66]: 123 bytes
LLVM: wasm[1]::function[67]: 123 bytes
LLVM: wasm[1]::function[68]: 123 bytes
LLVM: wasm[1]::function[69]: 123 bytes
LLVM: wasm[1]::function[70]: 123 bytes
LLVM: wasm[1]::function[71]: 123 bytes
LLVM: wasm[1]::function[72]: 140 bytes
LLVM: wasm[1]::function[73]: 140 bytes
